../Core/Src/main.c:108:5:main	24	static
../Core/Src/main.c:208:6:SystemClock_Config	72	static
../Core/Src/main.c:248:13:MX_I2C1_Init	8	static
../Core/Src/main.c:282:13:MX_SPI1_Init	8	static
../Core/Src/main.c:320:13:MX_USART2_UART_Init	8	static
../Core/Src/main.c:353:13:MX_GPIO_Init	40	static
../Core/Src/main.c:406:6:StartDefaultTask	16	static
../Core/Src/main.c:424:6:StartReciveTask	16	static
../Core/Src/main.c:451:6:StartLoopTask	24	static
../Core/Src/main.c:473:6:HAL_TIM_PeriodElapsedCallback	16	static
../Core/Src/main.c:490:6:Error_Handler	4	static,ignoring_inline_asm
