../Core/Src/main.c:116:5:main	24	static
../Core/Src/main.c:219:6:SystemClock_Config	72	static
../Core/Src/main.c:259:13:MX_I2C1_Init	8	static
../Core/Src/main.c:293:13:MX_SPI1_Init	8	static
../Core/Src/main.c:331:13:MX_USART2_UART_Init	8	static
../Core/Src/main.c:364:13:MX_GPIO_Init	40	static
../Core/Src/main.c:423:6:StartDefaultTask	16	static
../Core/Src/main.c:441:6:StartReciveTask	16	static
../Core/Src/main.c:469:6:StartLoopTask	24	static
../Core/Src/main.c:490:6:StartTaskBtn	24	static
../Core/Src/main.c:525:6:HAL_TIM_PeriodElapsedCallback	16	static
../Core/Src/main.c:542:6:Error_Handler	4	static,ignoring_inline_asm
