Archive member included to satisfy reference by file (symbol)

C:/ST/STM32CubeIDE_1.15.0/STM32CubeIDE/plugins/com.st.stm32cube.ide.mcu.externaltools.gnu-tools-for-stm32.12.3.rel1.win32_1.0.100.202403111256/tools/bin/../lib/gcc/arm-none-eabi/12.3.1/../../../../arm-none-eabi/lib/thumb/v7-m/nofp\libm.a(libm_a-w_pow.o)
                              ./Core/Src/LED74HC595.o (pow)
C:/ST/STM32CubeIDE_1.15.0/STM32CubeIDE/plugins/com.st.stm32cube.ide.mcu.externaltools.gnu-tools-for-stm32.12.3.rel1.win32_1.0.100.202403111256/tools/bin/../lib/gcc/arm-none-eabi/12.3.1/../../../../arm-none-eabi/lib/thumb/v7-m/nofp\libm.a(libm_a-s_finite.o)
                              C:/ST/STM32CubeIDE_1.15.0/STM32CubeIDE/plugins/com.st.stm32cube.ide.mcu.externaltools.gnu-tools-for-stm32.12.3.rel1.win32_1.0.100.202403111256/tools/bin/../lib/gcc/arm-none-eabi/12.3.1/../../../../arm-none-eabi/lib/thumb/v7-m/nofp\libm.a(libm_a-w_pow.o) (finite)
C:/ST/STM32CubeIDE_1.15.0/STM32CubeIDE/plugins/com.st.stm32cube.ide.mcu.externaltools.gnu-tools-for-stm32.12.3.rel1.win32_1.0.100.202403111256/tools/bin/../lib/gcc/arm-none-eabi/12.3.1/../../../../arm-none-eabi/lib/thumb/v7-m/nofp\libm.a(libm_a-e_pow.o)
                              C:/ST/STM32CubeIDE_1.15.0/STM32CubeIDE/plugins/com.st.stm32cube.ide.mcu.externaltools.gnu-tools-for-stm32.12.3.rel1.win32_1.0.100.202403111256/tools/bin/../lib/gcc/arm-none-eabi/12.3.1/../../../../arm-none-eabi/lib/thumb/v7-m/nofp\libm.a(libm_a-w_pow.o) (__ieee754_pow)
C:/ST/STM32CubeIDE_1.15.0/STM32CubeIDE/plugins/com.st.stm32cube.ide.mcu.externaltools.gnu-tools-for-stm32.12.3.rel1.win32_1.0.100.202403111256/tools/bin/../lib/gcc/arm-none-eabi/12.3.1/../../../../arm-none-eabi/lib/thumb/v7-m/nofp\libm.a(libm_a-s_fabs.o)
                              C:/ST/STM32CubeIDE_1.15.0/STM32CubeIDE/plugins/com.st.stm32cube.ide.mcu.externaltools.gnu-tools-for-stm32.12.3.rel1.win32_1.0.100.202403111256/tools/bin/../lib/gcc/arm-none-eabi/12.3.1/../../../../arm-none-eabi/lib/thumb/v7-m/nofp\libm.a(libm_a-e_pow.o) (fabs)
C:/ST/STM32CubeIDE_1.15.0/STM32CubeIDE/plugins/com.st.stm32cube.ide.mcu.externaltools.gnu-tools-for-stm32.12.3.rel1.win32_1.0.100.202403111256/tools/bin/../lib/gcc/arm-none-eabi/12.3.1/../../../../arm-none-eabi/lib/thumb/v7-m/nofp\libm.a(libm_a-s_scalbn.o)
                              C:/ST/STM32CubeIDE_1.15.0/STM32CubeIDE/plugins/com.st.stm32cube.ide.mcu.externaltools.gnu-tools-for-stm32.12.3.rel1.win32_1.0.100.202403111256/tools/bin/../lib/gcc/arm-none-eabi/12.3.1/../../../../arm-none-eabi/lib/thumb/v7-m/nofp\libm.a(libm_a-e_pow.o) (scalbn)
C:/ST/STM32CubeIDE_1.15.0/STM32CubeIDE/plugins/com.st.stm32cube.ide.mcu.externaltools.gnu-tools-for-stm32.12.3.rel1.win32_1.0.100.202403111256/tools/bin/../lib/gcc/arm-none-eabi/12.3.1/../../../../arm-none-eabi/lib/thumb/v7-m/nofp\libm.a(libm_a-math_err.o)
                              C:/ST/STM32CubeIDE_1.15.0/STM32CubeIDE/plugins/com.st.stm32cube.ide.mcu.externaltools.gnu-tools-for-stm32.12.3.rel1.win32_1.0.100.202403111256/tools/bin/../lib/gcc/arm-none-eabi/12.3.1/../../../../arm-none-eabi/lib/thumb/v7-m/nofp\libm.a(libm_a-e_pow.o) (__math_uflow)
C:/ST/STM32CubeIDE_1.15.0/STM32CubeIDE/plugins/com.st.stm32cube.ide.mcu.externaltools.gnu-tools-for-stm32.12.3.rel1.win32_1.0.100.202403111256/tools/bin/../lib/gcc/arm-none-eabi/12.3.1/../../../../arm-none-eabi/lib/thumb/v7-m/nofp\libm.a(libm_a-e_sqrt.o)
                              C:/ST/STM32CubeIDE_1.15.0/STM32CubeIDE/plugins/com.st.stm32cube.ide.mcu.externaltools.gnu-tools-for-stm32.12.3.rel1.win32_1.0.100.202403111256/tools/bin/../lib/gcc/arm-none-eabi/12.3.1/../../../../arm-none-eabi/lib/thumb/v7-m/nofp\libm.a(libm_a-e_pow.o) (__ieee754_sqrt)
C:/ST/STM32CubeIDE_1.15.0/STM32CubeIDE/plugins/com.st.stm32cube.ide.mcu.externaltools.gnu-tools-for-stm32.12.3.rel1.win32_1.0.100.202403111256/tools/bin/../lib/gcc/arm-none-eabi/12.3.1/../../../../arm-none-eabi/lib/thumb/v7-m/nofp\libc_nano.a(libc_a-exit.o)
                              C:/ST/STM32CubeIDE_1.15.0/STM32CubeIDE/plugins/com.st.stm32cube.ide.mcu.externaltools.gnu-tools-for-stm32.12.3.rel1.win32_1.0.100.202403111256/tools/bin/../lib/gcc/arm-none-eabi/12.3.1/../../../../arm-none-eabi/lib/thumb/v7-m/nofp/crt0.o (exit)
C:/ST/STM32CubeIDE_1.15.0/STM32CubeIDE/plugins/com.st.stm32cube.ide.mcu.externaltools.gnu-tools-for-stm32.12.3.rel1.win32_1.0.100.202403111256/tools/bin/../lib/gcc/arm-none-eabi/12.3.1/../../../../arm-none-eabi/lib/thumb/v7-m/nofp\libc_nano.a(libc_a-malloc.o)
                              ./Core/Src/FourDigit74HC595.o (malloc)
C:/ST/STM32CubeIDE_1.15.0/STM32CubeIDE/plugins/com.st.stm32cube.ide.mcu.externaltools.gnu-tools-for-stm32.12.3.rel1.win32_1.0.100.202403111256/tools/bin/../lib/gcc/arm-none-eabi/12.3.1/../../../../arm-none-eabi/lib/thumb/v7-m/nofp\libc_nano.a(libc_a-mallocr.o)
[...]
Memory Configuration

Name             Origin             Length             Attributes
RAM              0x20000000         0x00005000         xrw
FLASH            0x08000000         0x00010000         xr
*default*        0x00000000         0xffffffff

Linker script and memory map

LOAD C:/ST/STM32CubeIDE_1.15.0/STM32CubeIDE/plugins/com.st.stm32cube.ide.mcu.externaltools.gnu-tools-for-stm32.12.3.rel1.win32_1.0.100.202403111256/tools/bin/../lib/gcc/arm-none-eabi/12.3.1/thumb/v7-m/nofp/crti.o
LOAD C:/ST/STM32CubeIDE_1.15.0/STM32CubeIDE/plugins/com.st.stm32cube.ide.mcu.externaltools.gnu-tools-for-stm32.12.3.rel1.win32_1.0.100.202403111256/tools/bin/../lib/gcc/arm-none-eabi/12.3.1/thumb/v7-m/nofp/crtbegin.o
LOAD C:/ST/STM32CubeIDE_1.15.0/STM32CubeIDE/plugins/com.st.stm32cube.ide.mcu.externaltools.gnu-tools-for-stm32.12.3.rel1.win32_1.0.100.202403111256/tools/bin/../lib/gcc/arm-none-eabi/12.3.1/../../../../arm-none-eabi/lib/thumb/v7-m/nofp/crt0.o
LOAD ./Core/Src/FourDigit74HC595.o
LOAD ./Core/Src/LED74HC595.o
LOAD ./Core/Src/NRF24L01.o
LOAD ./Core/Src/main.o
LOAD ./Core/Src/stm32f1xx_hal_msp.o
LOAD ./Core/Src/stm32f1xx_it.o
LOAD ./Core/Src/syscalls.o
LOAD ./Core/Src/sysmem.o
LOAD ./Core/Src/system_stm32f1xx.o
LOAD ./Core/Startup/startup_stm32f103c8tx.o
LOAD ./Drivers/STM32F1xx_HAL_Driver/Src/stm32f1xx_hal.o
LOAD ./Drivers/STM32F1xx_HAL_Driver/Src/stm32f1xx_hal_cortex.o
LOAD ./Drivers/STM32F1xx_HAL_Driver/Src/stm32f1xx_hal_dma.o
LOAD ./Drivers/STM32F1xx_HAL_Driver/Src/stm32f1xx_hal_exti.o
LOAD ./Drivers/STM32F1xx_HAL_Driver/Src/stm32f1xx_hal_flash.o
LOAD ./Drivers/STM32F1xx_HAL_Driver/Src/stm32f1xx_hal_flash_ex.o
LOAD ./Drivers/STM32F1xx_HAL_Driver/Src/stm32f1xx_hal_gpio.o
LOAD ./Drivers/STM32F1xx_HAL_Driver/Src/stm32f1xx_hal_gpio_ex.o
LOAD ./Drivers/STM32F1xx_HAL_Driver/Src/stm32f1xx_hal_pwr.o
LOAD ./Drivers/STM32F1xx_HAL_Driver/Src/stm32f1xx_hal_rcc.o
LOAD ./Drivers/STM32F1xx_HAL_Driver/Src/stm32f1xx_hal_rcc_ex.o
LOAD ./Drivers/STM32F1xx_HAL_Driver/Src/stm32f1xx_hal_spi.o
LOAD ./Drivers/STM32F1xx_HAL_Driver/Src/stm32f1xx_hal_tim.o
LOAD ./Drivers/STM32F1xx_HAL_Driver/Src/stm32f1xx_hal_tim_ex.o
LOAD ./Drivers/STM32F1xx_HAL_Driver/Src/stm32f1xx_hal_uart.o
START GROUP
LOAD C:/ST/STM32CubeIDE_1.15.0/STM32CubeIDE/plugins/com.st.stm32cube.ide.mcu.externaltools.gnu-tools-for-stm32.12.3.rel1.win32_1.0.100.202403111256/tools/bin/../lib/gcc/arm-none-eabi/12.3.1/../../../../arm-none-eabi/lib/thumb/v7-m/nofp\libstdc++_nano.a
LOAD C:/ST/STM32CubeIDE_1.15.0/STM32CubeIDE/plugins/com.st.stm32cube.ide.mcu.externaltools.gnu-tools-for-stm32.12.3.rel1.win32_1.0.100.202403111256/tools/bin/../lib/gcc/arm-none-eabi/12.3.1/../../../../arm-none-eabi/lib/thumb/v7-m/nofp\libsupc++_nano.a
END GROUP
LOAD C:/ST/STM32CubeIDE_1.15.0/STM32CubeIDE/plugins/com.st.stm32cube.ide.mcu.externaltools.gnu-tools-for-stm32.12.3.rel1.win32_1.0.100.202403111256/tools/bin/../lib/gcc/arm-none-eabi/12.3.1/../../../../arm-none-eabi/lib/thumb/v7-m/nofp\libstdc++_nano.a
LOAD C:/ST/STM32CubeIDE_1.15.0/STM32CubeIDE/plugins/com.st.stm32cube.ide.mcu.externaltools.gnu-tools-for-stm32.12.3.rel1.win32_1.0.100.202403111256/tools/bin/../lib/gcc/arm-none-eabi/12.3.1/../../../../arm-none-eabi/lib/thumb/v7-m/nofp\libm.a
LOAD C:/ST/STM32CubeIDE_1.15.0/STM32CubeIDE/plugins/com.st.stm32cube.ide.mcu.externaltools.gnu-tools-for-stm32.12.3.rel1.win32_1.0.100.202403111256/tools/bin/../lib/gcc/arm-none-eabi/12.3.1/../../../../arm-none-eabi/lib/thumb/v7-m/nofp\libc_nano.a
START GROUP
LOAD C:/ST/STM32CubeIDE_1.15.0/STM32CubeIDE/plugins/com.st.stm32cube.ide.mcu.externaltools.gnu-tools-for-stm32.12.3.rel1.win32_1.0.100.202403111256/tools/bin/../lib/gcc/arm-none-eabi/12.3.1/thumb/v7-m/nofp\libgcc.a
LOAD C:/ST/STM32CubeIDE_1.15.0/STM32CubeIDE/plugins/com.st.stm32cube.ide.mcu.externaltools.gnu-tools-for-stm32.12.3.rel1.win32_1.0.100.202403111256/tools/bin/../lib/gcc/arm-none-eabi/12.3.1/../../../../arm-none-eabi/lib/thumb/v7-m/nofp\libc_nano.a
END GROUP
START GROUP
LOAD C:/ST/STM32CubeIDE_1.15.0/STM32CubeIDE/plugins/com.st.stm32cube.ide.mcu.externaltools.gnu-tools-for-stm32.12.3.rel1.win32_1.0.100.202403111256/tools/bin/../lib/gcc/arm-none-eabi/12.3.1/thumb/v7-m/nofp\libgcc.a
LOAD C:/ST/STM32CubeIDE_1.15.0/STM32CubeIDE/plugins/com.st.stm32cube.ide.mcu.externaltools.gnu-tools-for-stm32.12.3.rel1.win32_1.0.100.202403111256/tools/bin/../lib/gcc/arm-none-eabi/12.3.1/../../../../arm-none-eabi/lib/thumb/v7-m/nofp\libc_nano.a
LOAD C:/ST/STM32CubeIDE_1.15.0/STM32CubeIDE/plugins/com.st.stm32cube.ide.mcu.externaltools.gnu-tools-for-stm32.12.3.rel1.win32_1.0.100.202403111256/tools/bin/../lib/gcc/arm-none-eabi/12.3.1/../../../../arm-none-eabi/lib/thumb/v7-m/nofp\libnosys.a
END GROUP
START GROUP
LOAD C:/ST/STM32CubeIDE_1.15.0/STM32CubeIDE/plugins/com.st.stm32cube.ide.mcu.externaltools.gnu-tools-for-stm32.12.3.rel1.win32_1.0.100.202403111256/tools/bin/../lib/gcc/arm-none-eabi/12.3.1/thumb/v7-m/nofp\libgcc.a
LOAD C:/ST/STM32CubeIDE_1.15.0/STM32CubeIDE/plugins/com.st.stm32cube.ide.mcu.externaltools.gnu-tools-for-stm32.12.3.rel1.win32_1.0.100.202403111256/tools/bin/../lib/gcc/arm-none-eabi/12.3.1/../../../../arm-none-eabi/lib/thumb/v7-m/nofp\libc_nano.a
LOAD C:/ST/STM32CubeIDE_1.15.0/STM32CubeIDE/plugins/com.st.stm32cube.ide.mcu.externaltools.gnu-tools-for-stm32.12.3.rel1.win32_1.0.100.202403111256/tools/bin/../lib/gcc/arm-none-eabi/12.3.1/../../../../arm-none-eabi/lib/thumb/v7-m/nofp\libnosys.a
END GROUP
LOAD C:/ST/STM32CubeIDE_1.15.0/STM32CubeIDE/plugins/com.st.stm32cube.ide.mcu.externaltools.gnu-tools-for-stm32.12.3.rel1.win32_1.0.100.202403111256/tools/bin/../lib/gcc/arm-none-eabi/12.3.1/thumb/v7-m/nofp/crtend.o
LOAD C:/ST/STM32CubeIDE_1.15.0/STM32CubeIDE/plugins/com.st.stm32cube.ide.mcu.externaltools.gnu-tools-for-stm32.12.3.rel1.win32_1.0.100.202403111256/tools/bin/../lib/gcc/arm-none-eabi/12.3.1/thumb/v7-m/nofp/crtn.o
                0x20005000                        _estack = (ORIGIN (RAM) + LENGTH (RAM))
                0x00000200                        _Min_Heap_Size = 0x200
                0x00000400                        _Min_Stack_Size = 0x400

.isr_vector     0x08000000      0x10c
                0x08000000                        . = ALIGN (0x4)
 *(.isr_vector)
 .isr_vector    0x08000000      0x10c ./Core/Startup/startup_stm32f103c8tx.o
                0x08000000                g_pfnVectors
                0x0800010c                        . = ALIGN (0x4)

.text           0x0800010c     0x299c
                0x0800010c                        . = ALIGN (0x4)
 *(.text)
 .text          0x0800010c       0x40 C:/ST/STM32CubeIDE_1.15.0/STM32CubeIDE/plugins/com.st.stm32cube.ide.mcu.externaltools.gnu-tools-for-stm32.12.3.rel1.win32_1.0.100.202403111256/tools/bin/../lib/gcc/arm-none-eabi/12.3.1/thumb/v7-m/nofp/crtbegin.o
 *(.text*)
 .text.setUp    0x0800014c       0x90 ./Core/Src/LED74HC595.o
                0x0800014c                setUp
 .text.clear    0x080001dc       0x40 ./Core/Src/LED74HC595.o
                0x080001dc                clear
 .text.setNumber
                0x0800021c       0x50 ./Core/Src/LED74HC595.o
                0x0800021c                setNumber
 .text.setChar  0x0800026c       0xb8 ./Core/Src/LED74HC595.o
                0x0800026c                setChar
 .text.show     0x08000324       0x44 ./Core/Src/LED74HC595.o
                0x08000324                show
 .text.loop     0x08000368       0x9c ./Core/Src/LED74HC595.o
                0x08000368                loop
 .text.shift    0x08000404       0x8c ./Core/Src/LED74HC595.o
                0x08000404                shift
 .text.setInt   0x08000490      0x150 ./Core/Src/LED74HC595.o
                0x08000490                setInt
 .text.printInt
                0x080005e0       0x26 ./Core/Src/LED74HC595.o
                0x080005e0                printInt
 *fill*         0x08000606        0x2 
 .text.CS_Select
                0x08000608       0x18 ./Core/Src/NRF24L01.o
                0x08000608                CS_Select
 .text.CS_UnSelect
                0x08000620       0x18 ./Core/Src/NRF24L01.o
                0x08000620                CS_UnSelect
 .text.CE_Enable
                0x08000638       0x18 ./Core/Src/NRF24L01.o
                0x08000638                CE_Enable
 .text.CE_Disable
                0x08000650       0x18 ./Core/Src/NRF24L01.o
                0x08000650                CE_Disable
 .text.nrf24_WriteReg
                0x08000668       0x44 ./Core/Src/NRF24L01.o
                0x08000668                nrf24_WriteReg
 .text.nrf24_WriteRegMulti
                0x080006ac       0x4c ./Core/Src/NRF24L01.o
                0x080006ac                nrf24_WriteRegMulti
 .text.nrf24_ReadReg
                0x080006f8       0x40 ./Core/Src/NRF24L01.o
                0x080006f8                nrf24_ReadReg
 .text.nrf24_ReadReg_Multi
                0x08000738       0x40 ./Core/Src/NRF24L01.o
                0x08000738                nrf24_ReadReg_Multi
 .text.nrf24_reset
                0x08000778      0x14c ./Core/Src/NRF24L01.o
                0x08000778                nrf24_reset
 .text.NRF24_Init
                0x080008c4       0x4e ./Core/Src/NRF24L01.o
                0x080008c4                NRF24_Init
 .text.NRF24_RxMode
                0x08000912       0x7e ./Core/Src/NRF24L01.o
                0x08000912                NRF24_RxMode
 .text.NRF24_ReadAll
                0x08000990       0xcc ./Core/Src/NRF24L01.o
                0x08000990                NRF24_ReadAll
 .text.main     0x08000a5c       0x74 ./Core/Src/main.o
                0x08000a5c                main
 .text.SystemClock_Config
                0x08000ad0       0x8a ./Core/Src/main.o
                0x08000ad0                SystemClock_Config
 *fill*         0x08000b5a        0x2 
 .text.MX_SPI1_Init
                0x08000b5c       0x6c ./Core/Src/main.o
 .text.MX_USART2_UART_Init
                0x08000bc8       0x54 ./Core/Src/main.o
 .text.MX_GPIO_Init
                0x08000c1c      0x124 ./Core/Src/main.o
 .text.Error_Handler
                0x08000d40        0xc ./Core/Src/main.o
                0x08000d40                Error_Handler
 .text.HAL_MspInit
                0x08000d4c       0x64 ./Core/Src/stm32f1xx_hal_msp.o
                0x08000d4c                HAL_MspInit
 .text.HAL_SPI_MspInit
                0x08000db0       0x94 ./Core/Src/stm32f1xx_hal_msp.o
                0x08000db0                HAL_SPI_MspInit
 .text.HAL_UART_MspInit
                0x08000e44       0x94 ./Core/Src/stm32f1xx_hal_msp.o
                0x08000e44                HAL_UART_MspInit
 .text.NMI_Handler
                0x08000ed8        0x8 ./Core/Src/stm32f1xx_it.o
                0x08000ed8                NMI_Handler
 .text.HardFault_Handler
                0x08000ee0        0x8 ./Core/Src/stm32f1xx_it.o
                0x08000ee0                HardFault_Handler
 .text.MemManage_Handler
                0x08000ee8        0x8 ./Core/Src/stm32f1xx_it.o
                0x08000ee8                MemManage_Handler
 .text.BusFault_Handler
                0x08000ef0        0x8 ./Core/Src/stm32f1xx_it.o
                0x08000ef0                BusFault_Handler
 .text.UsageFault_Handler
                0x08000ef8        0x8 ./Core/Src/stm32f1xx_it.o
                0x08000ef8                UsageFault_Handler
 .text.SVC_Handler
                0x08000f00        0xc ./Core/Src/stm32f1xx_it.o
                0x08000f00                SVC_Handler
 .text.DebugMon_Handler
                0x08000f0c        0xc ./Core/Src/stm32f1xx_it.o
                0x08000f0c                DebugMon_Handler
 .text.PendSV_Handler
                0x08000f18        0xc ./Core/Src/stm32f1xx_it.o
                0x08000f18                PendSV_Handler
 .text.SysTick_Handler
                0x08000f24        0xc ./Core/Src/stm32f1xx_it.o
                0x08000f24                SysTick_Handler
 .text.SystemInit
                0x08000f30        0xc ./Core/Src/system_stm32f1xx.o
                0x08000f30                SystemInit
 .text.Reset_Handler
                0x08000f3c       0x48 ./Core/Startup/startup_stm32f103c8tx.o
                0x08000f3c                Reset_Handler
 .text.Default_Handler
                0x08000f84        0x2 ./Core/Startup/startup_stm32f103c8tx.o
                0x08000f84                RTC_Alarm_IRQHandler
                0x08000f84                EXTI2_IRQHandler
                0x08000f84                TIM1_CC_IRQHandler
                0x08000f84                PVD_IRQHandler
                0x08000f84                EXTI3_IRQHandler
                0x08000f84                EXTI0_IRQHandler
                0x08000f84                I2C2_EV_IRQHandler
                0x08000f84                ADC1_2_IRQHandler
                0x08000f84                SPI1_IRQHandler
                0x08000f84                TAMPER_IRQHandler
                0x08000f84                DMA1_Channel4_IRQHandler
                0x08000f84                USART3_IRQHandler
                0x08000f84                RTC_IRQHandler
                0x08000f84                DMA1_Channel7_IRQHandler
                0x08000f84                CAN1_RX1_IRQHandler
                0x08000f84                TIM4_IRQHandler
                0x08000f84                I2C1_EV_IRQHandler
                0x08000f84                DMA1_Channel6_IRQHandler
                0x08000f84                TIM3_IRQHandler
                0x08000f84                RCC_IRQHandler
                0x08000f84                TIM1_TRG_COM_IRQHandler
                0x08000f84                DMA1_Channel1_IRQHandler
                0x08000f84                Default_Handler
                0x08000f84                EXTI15_10_IRQHandler
                0x08000f84                EXTI9_5_IRQHandler
                0x08000f84                SPI2_IRQHandler
                0x08000f84                DMA1_Channel5_IRQHandler
                0x08000f84                EXTI4_IRQHandler
                0x08000f84                USB_LP_CAN1_RX0_IRQHandler
                0x08000f84                USB_HP_CAN1_TX_IRQHandler
                0x08000f84                DMA1_Channel3_IRQHandler
                0x08000f84                TIM1_UP_IRQHandler
                0x08000f84                WWDG_IRQHandler
                0x08000f84                TIM2_IRQHandler
                0x08000f84                TIM1_BRK_IRQHandler
                0x08000f84                EXTI1_IRQHandler
                0x08000f84                USART2_IRQHandler
                0x08000f84                I2C2_ER_IRQHandler
                0x08000f84                DMA1_Channel2_IRQHandler
                0x08000f84                CAN1_SCE_IRQHandler
                0x08000f84                FLASH_IRQHandler
                0x08000f84                USART1_IRQHandler
                0x08000f84                I2C1_ER_IRQHandler
                0x08000f84                USBWakeUp_IRQHandler
 *fill*         0x08000f86        0x2 
 .text.HAL_Init
                0x08000f88       0x2c ./Drivers/STM32F1xx_HAL_Driver/Src/stm32f1xx_hal.o
                0x08000f88                HAL_Init
 .text.HAL_InitTick
                0x08000fb4       0x60 ./Drivers/STM32F1xx_HAL_Driver/Src/stm32f1xx_hal.o
                0x08000fb4                HAL_InitTick
 .text.HAL_IncTick
                0x08001014       0x24 ./Drivers/STM32F1xx_HAL_Driver/Src/stm32f1xx_hal.o
                0x08001014                HAL_IncTick
 .text.HAL_GetTick
                0x08001038       0x14 ./Drivers/STM32F1xx_HAL_Driver/Src/stm32f1xx_hal.o
                0x08001038                HAL_GetTick
 .text.__NVIC_SetPriorityGrouping
                0x0800104c       0x48 ./Drivers/STM32F1xx_HAL_Driver/Src/stm32f1xx_hal_cortex.o
 .text.__NVIC_GetPriorityGrouping
                0x08001094       0x1c ./Drivers/STM32F1xx_HAL_Driver/Src/stm32f1xx_hal_cortex.o
 .text.__NVIC_SetPriority
                0x080010b0       0x54 ./Drivers/STM32F1xx_HAL_Driver/Src/stm32f1xx_hal_cortex.o
 .text.NVIC_EncodePriority
                0x08001104       0x64 ./Drivers/STM32F1xx_HAL_Driver/Src/stm32f1xx_hal_cortex.o
 .text.SysTick_Config
                0x08001168       0x44 ./Drivers/STM32F1xx_HAL_Driver/Src/stm32f1xx_hal_cortex.o
 .text.HAL_NVIC_SetPriorityGrouping
                0x080011ac       0x16 ./Drivers/STM32F1xx_HAL_Driver/Src/stm32f1xx_hal_cortex.o
                0x080011ac                HAL_NVIC_SetPriorityGrouping
 .text.HAL_NVIC_SetPriority
                0x080011c2       0x38 ./Drivers/STM32F1xx_HAL_Driver/Src/stm32f1xx_hal_cortex.o
                0x080011c2                HAL_NVIC_SetPriority
 .text.HAL_SYSTICK_Config
                0x080011fa       0x18 ./Drivers/STM32F1xx_HAL_Driver/Src/stm32f1xx_hal_cortex.o
                0x080011fa                HAL_SYSTICK_Config
 *fill*         0x08001212        0x2 
 .text.HAL_GPIO_Init
                0x08001214      0x308 ./Drivers/STM32F1xx_HAL_Driver/Src/stm32f1xx_hal_gpio.o
                0x08001214                HAL_GPIO_Init
 .text.HAL_GPIO_WritePin
                0x0800151c       0x30 ./Drivers/STM32F1xx_HAL_Driver/Src/stm32f1xx_hal_gpio.o
                0x0800151c                HAL_GPIO_WritePin
 .text.HAL_RCC_OscConfig
                0x0800154c      0x504 ./Drivers/STM32F1xx_HAL_Driver/Src/stm32f1xx_hal_rcc.o
                0x0800154c                HAL_RCC_OscConfig
 .text.HAL_RCC_ClockConfig
                0x08001a50      0x1d4 ./Drivers/STM32F1xx_HAL_Driver/Src/stm32f1xx_hal_rcc.o
                0x08001a50                HAL_RCC_ClockConfig
 .text.HAL_RCC_GetSysClockFreq
                0x08001c24       0xa8 ./Drivers/STM32F1xx_HAL_Driver/Src/stm32f1xx_hal_rcc.o
                0x08001c24                HAL_RCC_GetSysClockFreq
 .text.HAL_RCC_GetHCLKFreq
                0x08001ccc       0x14 ./Drivers/STM32F1xx_HAL_Driver/Src/stm32f1xx_hal_rcc.o
                0x08001ccc                HAL_RCC_GetHCLKFreq
 .text.HAL_RCC_GetPCLK1Freq
                0x08001ce0       0x28 ./Drivers/STM32F1xx_HAL_Driver/Src/stm32f1xx_hal_rcc.o
                0x08001ce0                HAL_RCC_GetPCLK1Freq
 .text.HAL_RCC_GetPCLK2Freq
                0x08001d08       0x28 ./Drivers/STM32F1xx_HAL_Driver/Src/stm32f1xx_hal_rcc.o
                0x08001d08                HAL_RCC_GetPCLK2Freq
 .text.RCC_Delay
                0x08001d30       0x3c ./Drivers/STM32F1xx_HAL_Driver/Src/stm32f1xx_hal_rcc.o
 .text.HAL_SPI_Init
                0x08001d6c      0x108 ./Drivers/STM32F1xx_HAL_Driver/Src/stm32f1xx_hal_spi.o
                0x08001d6c                HAL_SPI_Init
 .text.HAL_SPI_Transmit
                0x08001e74      0x286 ./Drivers/STM32F1xx_HAL_Driver/Src/stm32f1xx_hal_spi.o
                0x08001e74                HAL_SPI_Transmit
 .text.HAL_SPI_Receive
                0x080020fa      0x230 ./Drivers/STM32F1xx_HAL_Driver/Src/stm32f1xx_hal_spi.o
                0x080020fa                HAL_SPI_Receive
 .text.HAL_SPI_TransmitReceive
                0x0800232a      0x360 ./Drivers/STM32F1xx_HAL_Driver/Src/stm32f1xx_hal_spi.o
                0x0800232a                HAL_SPI_TransmitReceive
 *fill*         0x0800268a        0x2 
 .text.SPI_WaitFlagStateUntilTimeout
                0x0800268c      0x110 ./Drivers/STM32F1xx_HAL_Driver/Src/stm32f1xx_hal_spi.o
 .text.SPI_EndRxTransaction
                0x0800279c       0xa4 ./Drivers/STM32F1xx_HAL_Driver/Src/stm32f1xx_hal_spi.o
 .text.SPI_EndRxTxTransaction
                0x08002840       0x3c ./Drivers/STM32F1xx_HAL_Driver/Src/stm32f1xx_hal_spi.o
 .text.HAL_UART_Init
                0x0800287c       0xa0 ./Drivers/STM32F1xx_HAL_Driver/Src/stm32f1xx_hal_uart.o
                0x0800287c                HAL_UART_Init
 .text.UART_SetConfig
                0x0800291c      0x11c ./Drivers/STM32F1xx_HAL_Driver/Src/stm32f1xx_hal_uart.o
 .text.memset   0x08002a38       0x10 C:/ST/STM32CubeIDE_1.15.0/STM32CubeIDE/plugins/com.st.stm32cube.ide.mcu.externaltools.gnu-tools-for-stm32.12.3.rel1.win32_1.0.100.202403111256/tools/bin/../lib/gcc/arm-none-eabi/12.3.1/../../../../arm-none-eabi/lib/thumb/v7-m/nofp\libc_nano.a(libc_a-memset.o)
                0x08002a38                memset
 .text.__libc_init_array
                0x08002a48       0x48 C:/ST/STM32CubeIDE_1.15.0/STM32CubeIDE/plugins/com.st.stm32cube.ide.mcu.externaltools.gnu-tools-for-stm32.12.3.rel1.win32_1.0.100.202403111256/tools/bin/../lib/gcc/arm-none-eabi/12.3.1/../../../../arm-none-eabi/lib/thumb/v7-m/nofp\libc_nano.a(libc_a-init.o)
                0x08002a48                __libc_init_array
 *(.glue_7)
 .glue_7        0x08002a90        0x0 linker stubs
 *(.glue_7t)
 .glue_7t       0x08002a90        0x0 linker stubs
 *(.eh_frame)
 .eh_frame      0x08002a90        0x0 C:/ST/STM32CubeIDE_1.15.0/STM32CubeIDE/plugins/com.st.stm32cube.ide.mcu.externaltools.gnu-tools-for-stm32.12.3.rel1.win32_1.0.100.202403111256/tools/bin/../lib/gcc/arm-none-eabi/12.3.1/thumb/v7-m/nofp/crtbegin.o
 *(.init)
 .init          0x08002a90        0x4 C:/ST/STM32CubeIDE_1.15.0/STM32CubeIDE/plugins/com.st.stm32cube.ide.mcu.externaltools.gnu-tools-for-stm32.12.3.rel1.win32_1.0.100.202403111256/tools/bin/../lib/gcc/arm-none-eabi/12.3.1/thumb/v7-m/nofp/crti.o
                0x08002a90                _init
 .init          0x08002a94        0x8 C:/ST/STM32CubeIDE_1.15.0/STM32CubeIDE/plugins/com.st.stm32cube.ide.mcu.externaltools.gnu-tools-for-stm32.12.3.rel1.win32_1.0.100.202403111256/tools/bin/../lib/gcc/arm-none-eabi/12.3.1/thumb/v7-m/nofp/crtn.o
 *(.fini)
 .fini          0x08002a9c        0x4 C:/ST/STM32CubeIDE_1.15.0/STM32CubeIDE/plugins/com.st.stm32cube.ide.mcu.externaltools.gnu-tools-for-stm32.12.3.rel1.win32_1.0.100.202403111256/tools/bin/../lib/gcc/arm-none-eabi/12.3.1/thumb/v7-m/nofp/crti.o
                0x08002a9c                _fini
 .fini          0x08002aa0        0x8 C:/ST/STM32CubeIDE_1.15.0/STM32CubeIDE/plugins/com.st.stm32cube.ide.mcu.externaltools.gnu-tools-for-stm32.12.3.rel1.win32_1.0.100.202403111256/tools/bin/../lib/gcc/arm-none-eabi/12.3.1/thumb/v7-m/nofp/crtn.o
                0x08002aa8                        . = ALIGN (0x4)
                0x08002aa8                        _etext = .

.vfp11_veneer   0x08002aa8        0x0
 .vfp11_veneer  0x08002aa8        0x0 linker stubs

.v4_bx          0x08002aa8        0x0
 .v4_bx         0x08002aa8        0x0 linker stubs

.iplt           0x08002aa8        0x0
 .iplt          0x08002aa8        0x0 C:/ST/STM32CubeIDE_1.15.0/STM32CubeIDE/plugins/com.st.stm32cube.ide.mcu.externaltools.gnu-tools-for-stm32.12.3.rel1.win32_1.0.100.202403111256/tools/bin/../lib/gcc/arm-none-eabi/12.3.1/thumb/v7-m/nofp/crtbegin.o

.rodata         0x08002aa8       0x4c
                0x08002aa8                        . = ALIGN (0x4)
 *(.rodata)
 .rodata        0x08002aa8        0xd ./Core/Src/NRF24L01.o
 *(.rodata*)
 *fill*         0x08002ab5        0x3 
 .rodata.digitPatterns
                0x08002ab8       0x10 ./Core/Src/LED74HC595.o
 .rodata.AHBPrescTable
                0x08002ac8       0x10 ./Core/Src/system_stm32f1xx.o
                0x08002ac8                AHBPrescTable
 .rodata.APBPrescTable
                0x08002ad8        0x8 ./Core/Src/system_stm32f1xx.o
                0x08002ad8                APBPrescTable
 .rodata.aPLLMULFactorTable.1
                0x08002ae0       0x10 ./Drivers/STM32F1xx_HAL_Driver/Src/stm32f1xx_hal_rcc.o
 .rodata.aPredivFactorTable.0
                0x08002af0        0x2 ./Drivers/STM32F1xx_HAL_Driver/Src/stm32f1xx_hal_rcc.o
                0x08002af4                        . = ALIGN (0x4)
 *fill*         0x08002af2        0x2 

.ARM.extab      0x08002af4        0x0
                0x08002af4                        . = ALIGN (0x4)
 *(.ARM.extab* .gnu.linkonce.armextab.*)
                0x08002af4                        . = ALIGN (0x4)

.ARM            0x08002af4        0x0
                0x08002af4                        . = ALIGN (0x4)
                0x08002af4                        __exidx_start = .
 *(.ARM.exidx*)
                0x08002af4                        __exidx_end = .
                0x08002af4                        . = ALIGN (0x4)

.preinit_array  0x08002af4        0x0
                0x08002af4                        . = ALIGN (0x4)
                0x08002af4                        PROVIDE (__preinit_array_start = .)
 *(.preinit_array*)
                0x08002af4                        PROVIDE (__preinit_array_end = .)
                0x08002af4                        . = ALIGN (0x4)

.init_array     0x08002af4        0x4
                0x08002af4                        . = ALIGN (0x4)
                0x08002af4                        PROVIDE (__init_array_start = .)
 *(SORT_BY_NAME(.init_array.*))
 *(.init_array*)
 .init_array    0x08002af4        0x4 C:/ST/STM32CubeIDE_1.15.0/STM32CubeIDE/plugins/com.st.stm32cube.ide.mcu.externaltools.gnu-tools-for-stm32.12.3.rel1.win32_1.0.100.202403111256/tools/bin/../lib/gcc/arm-none-eabi/12.3.1/thumb/v7-m/nofp/crtbegin.o
                0x08002af8                        PROVIDE (__init_array_end = .)
                0x08002af8                        . = ALIGN (0x4)

.fini_array     0x08002af8        0x4
                0x08002af8                        . = ALIGN (0x4)
                [!provide]                        PROVIDE (__fini_array_start = .)
 *(SORT_BY_NAME(.fini_array.*))
 *(.fini_array*)
 .fini_array    0x08002af8        0x4 C:/ST/STM32CubeIDE_1.15.0/STM32CubeIDE/plugins/com.st.stm32cube.ide.mcu.externaltools.gnu-tools-for-stm32.12.3.rel1.win32_1.0.100.202403111256/tools/bin/../lib/gcc/arm-none-eabi/12.3.1/thumb/v7-m/nofp/crtbegin.o
                [!provide]                        PROVIDE (__fini_array_end = .)
                0x08002afc                        . = ALIGN (0x4)
                0x08002afc                        _sidata = LOADADDR (.data)

.rel.dyn        0x08002afc        0x0
 .rel.iplt      0x08002afc        0x0 C:/ST/STM32CubeIDE_1.15.0/STM32CubeIDE/plugins/com.st.stm32cube.ide.mcu.externaltools.gnu-tools-for-stm32.12.3.rel1.win32_1.0.100.202403111256/tools/bin/../lib/gcc/arm-none-eabi/12.3.1/thumb/v7-m/nofp/crtbegin.o

.data           0x20000000       0x14 load address 0x08002afc
                0x20000000                        . = ALIGN (0x4)
                0x20000000                        _sdata = .
 *(.data)
 *(.data*)
 .data.RxAddress
                0x20000000        0x5 ./Core/Src/main.o
                0x20000000                RxAddress
 *fill*         0x20000005        0x3 
 .data.SystemCoreClock
                0x20000008        0x4 ./Core/Src/system_stm32f1xx.o
                0x20000008                SystemCoreClock
 .data.uwTickPrio
                0x2000000c        0x4 ./Drivers/STM32F1xx_HAL_Driver/Src/stm32f1xx_hal.o
                0x2000000c                uwTickPrio
 .data.uwTickFreq
                0x20000010        0x1 ./Drivers/STM32F1xx_HAL_Driver/Src/stm32f1xx_hal.o
                0x20000010                uwTickFreq
 *(.RamFunc)
 *(.RamFunc*)
                0x20000014                        . = ALIGN (0x4)
 *fill*         0x20000011        0x3 
                0x20000014                        _edata = .

.igot.plt       0x20000014        0x0 load address 0x08002b10
 .igot.plt      0x20000014        0x0 C:/ST/STM32CubeIDE_1.15.0/STM32CubeIDE/plugins/com.st.stm32cube.ide.mcu.externaltools.gnu-tools-for-stm32.12.3.rel1.win32_1.0.100.202403111256/tools/bin/../lib/gcc/arm-none-eabi/12.3.1/thumb/v7-m/nofp/crtbegin.o
                0x20000014                        . = ALIGN (0x4)

.bss            0x20000014      0x11c load address 0x08002b10
                0x20000014                        _sbss = .
                0x20000014                        __bss_start__ = _sbss
 *(.bss)
 .bss           0x20000014       0x1c C:/ST/STM32CubeIDE_1.15.0/STM32CubeIDE/plugins/com.st.stm32cube.ide.mcu.externaltools.gnu-tools-for-stm32.12.3.rel1.win32_1.0.100.202403111256/tools/bin/../lib/gcc/arm-none-eabi/12.3.1/thumb/v7-m/nofp/crtbegin.o
 *(.bss*)
 .bss._ledObj   0x20000030        0x4 ./Core/Src/LED74HC595.o
                0x20000030                _ledObj
 .bss.hspi1     0x20000034       0x58 ./Core/Src/main.o
                0x20000034                hspi1
 .bss.huart2    0x2000008c       0x48 ./Core/Src/main.o
                0x2000008c                huart2
 .bss.ledStruct
                0x200000d4       0x24 ./Core/Src/main.o
                0x200000d4                ledStruct
 .bss.data      0x200000f8       0x32 ./Core/Src/main.o
                0x200000f8                data
 *fill*         0x2000012a        0x2 
 .bss.uwTick    0x2000012c        0x4 ./Drivers/STM32F1xx_HAL_Driver/Src/stm32f1xx_hal.o
                0x2000012c                uwTick
 *(COMMON)
                0x20000130                        . = ALIGN (0x4)
                0x20000130                        _ebss = .
                0x20000130                        __bss_end__ = _ebss

._user_heap_stack
                0x20000130      0x600 load address 0x08002b10
                0x20000130                        . = ALIGN (0x8)
                [!provide]                        PROVIDE (end = .)
                0x20000130                        PROVIDE (_end = .)
                0x20000330                        . = (. + _Min_Heap_Size)
 *fill*         0x20000130      0x200 
                0x20000730                        . = (. + _Min_Stack_Size)
 *fill*         0x20000330      0x400 
                0x20000730                        . = ALIGN (0x8)

/DISCARD/
 libc.a(*)
 libm.a(*)
 libgcc.a(*)

.ARM.attributes
                0x00000000       0x29
 *(.ARM.attributes)
 .ARM.attributes
                0x00000000       0x1d C:/ST/STM32CubeIDE_1.15.0/STM32CubeIDE/plugins/com.st.stm32cube.ide.mcu.externaltools.gnu-tools-for-stm32.12.3.rel1.win32_1.0.100.202403111256/tools/bin/../lib/gcc/arm-none-eabi/12.3.1/thumb/v7-m/nofp/crti.o
 .ARM.attributes
                0x0000001d       0x2d C:/ST/STM32CubeIDE_1.15.0/STM32CubeIDE/plugins/com.st.stm32cube.ide.mcu.externaltools.gnu-tools-for-stm32.12.3.rel1.win32_1.0.100.202403111256/tools/bin/../lib/gcc/arm-none-eabi/12.3.1/thumb/v7-m/nofp/crtbegin.o
 .ARM.attributes
                0x0000004a       0x2d ./Core/Src/LED74HC595.o
 .ARM.attributes
                0x00000077       0x2d ./Core/Src/NRF24L01.o
 .ARM.attributes
                0x000000a4       0x2d ./Core/Src/main.o
 .ARM.attributes
                0x000000d1       0x2d ./Core/Src/stm32f1xx_hal_msp.o
 .ARM.attributes
                0x000000fe       0x2d ./Core/Src/stm32f1xx_it.o
 .ARM.attributes
                0x0000012b       0x2d ./Core/Src/system_stm32f1xx.o
 .ARM.attributes
                0x00000158       0x21 ./Core/Startup/startup_stm32f103c8tx.o
 .ARM.attributes
                0x00000179       0x2d ./Drivers/STM32F1xx_HAL_Driver/Src/stm32f1xx_hal.o
 .ARM.attributes
                0x000001a6       0x2d ./Drivers/STM32F1xx_HAL_Driver/Src/stm32f1xx_hal_cortex.o
 .ARM.attributes
                0x000001d3       0x2d ./Drivers/STM32F1xx_HAL_Driver/Src/stm32f1xx_hal_gpio.o
 .ARM.attributes
                0x00000200       0x2d ./Drivers/STM32F1xx_HAL_Driver/Src/stm32f1xx_hal_rcc.o
 .ARM.attributes
                0x0000022d       0x2d ./Drivers/STM32F1xx_HAL_Driver/Src/stm32f1xx_hal_spi.o
 .ARM.attributes
                0x0000025a       0x2d ./Drivers/STM32F1xx_HAL_Driver/Src/stm32f1xx_hal_uart.o
 .ARM.attributes
                0x00000287       0x2d C:/ST/STM32CubeIDE_1.15.0/STM32CubeIDE/plugins/com.st.stm32cube.ide.mcu.externaltools.gnu-tools-for-stm32.12.3.rel1.win32_1.0.100.202403111256/tools/bin/../lib/gcc/arm-none-eabi/12.3.1/../../../../arm-none-eabi/lib/thumb/v7-m/nofp\libc_nano.a(libc_a-memset.o)
 .ARM.attributes
                0x000002b4       0x2d C:/ST/STM32CubeIDE_1.15.0/STM32CubeIDE/plugins/com.st.stm32cube.ide.mcu.externaltools.gnu-tools-for-stm32.12.3.rel1.win32_1.0.100.202403111256/tools/bin/../lib/gcc/arm-none-eabi/12.3.1/../../../../arm-none-eabi/lib/thumb/v7-m/nofp\libc_nano.a(libc_a-init.o)
 .ARM.attributes
                0x000002e1       0x1d C:/ST/STM32CubeIDE_1.15.0/STM32CubeIDE/plugins/com.st.stm32cube.ide.mcu.externaltools.gnu-tools-for-stm32.12.3.rel1.win32_1.0.100.202403111256/tools/bin/../lib/gcc/arm-none-eabi/12.3.1/thumb/v7-m/nofp/crtn.o
OUTPUT(RX_c8.elf elf32-littlearm)
LOAD linker stubs
LOAD C:/ST/STM32CubeIDE_1.15.0/STM32CubeIDE/plugins/com.st.stm32cube.ide.mcu.externaltools.gnu-tools-for-stm32.12.3.rel1.win32_1.0.100.202403111256/tools/bin/../lib/gcc/arm-none-eabi/12.3.1/../../../../arm-none-eabi/lib/thumb/v7-m/nofp\libc.a
LOAD C:/ST/STM32CubeIDE_1.15.0/STM32CubeIDE/plugins/com.st.stm32cube.ide.mcu.externaltools.gnu-tools-for-stm32.12.3.rel1.win32_1.0.100.202403111256/tools/bin/../lib/gcc/arm-none-eabi/12.3.1/../../../../arm-none-eabi/lib/thumb/v7-m/nofp\libm.a
LOAD C:/ST/STM32CubeIDE_1.15.0/STM32CubeIDE/plugins/com.st.stm32cube.ide.mcu.externaltools.gnu-tools-for-stm32.12.3.rel1.win32_1.0.100.202403111256/tools/bin/../lib/gcc/arm-none-eabi/12.3.1/thumb/v7-m/nofp\libgcc.a

.debug_info     0x00000000     0x9098
 .debug_info    0x00000000      0x6a1 ./Core/Src/LED74HC595.o
 .debug_info    0x000006a1      0xa14 ./Core/Src/NRF24L01.o
 .debug_info    0x000010b5      0xde8 ./Core/Src/main.o
 .debug_info    0x00001e9d      0xae0 ./Core/Src/stm32f1xx_hal_msp.o
 .debug_info    0x0000297d      0x113 ./Core/Src/stm32f1xx_it.o
 .debug_info    0x00002a90      0x222 ./Core/Src/system_stm32f1xx.o
 .debug_info    0x00002cb2       0x30 ./Core/Startup/startup_stm32f103c8tx.o
 .debug_info    0x00002ce2      0x704 ./Drivers/STM32F1xx_HAL_Driver/Src/stm32f1xx_hal.o
 .debug_info    0x000033e6      0xa87 ./Drivers/STM32F1xx_HAL_Driver/Src/stm32f1xx_hal_cortex.o
 .debug_info    0x00003e6d      0x5ab ./Drivers/STM32F1xx_HAL_Driver/Src/stm32f1xx_hal_gpio.o
 .debug_info    0x00004418      0x7d5 ./Drivers/STM32F1xx_HAL_Driver/Src/stm32f1xx_hal_rcc.o
 .debug_info    0x00004bed     0x1503 ./Drivers/STM32F1xx_HAL_Driver/Src/stm32f1xx_hal_spi.o
 .debug_info    0x000060f0     0x2fa8 ./Drivers/STM32F1xx_HAL_Driver/Src/stm32f1xx_hal_uart.o

.debug_abbrev   0x00000000     0x19e0
 .debug_abbrev  0x00000000      0x23a ./Core/Src/LED74HC595.o
 .debug_abbrev  0x0000023a      0x2ac ./Core/Src/NRF24L01.o
 .debug_abbrev  0x000004e6      0x286 ./Core/Src/main.o
 .debug_abbrev  0x0000076c      0x1ac ./Core/Src/stm32f1xx_hal_msp.o
 .debug_abbrev  0x00000918       0x73 ./Core/Src/stm32f1xx_it.o
 .debug_abbrev  0x0000098b      0x13f ./Core/Src/system_stm32f1xx.o
 .debug_abbrev  0x00000aca       0x24 ./Core/Startup/startup_stm32f103c8tx.o
 .debug_abbrev  0x00000aee      0x201 ./Drivers/STM32F1xx_HAL_Driver/Src/stm32f1xx_hal.o
 .debug_abbrev  0x00000cef      0x2f8 ./Drivers/STM32F1xx_HAL_Driver/Src/stm32f1xx_hal_cortex.o
 .debug_abbrev  0x00000fe7      0x1ca ./Drivers/STM32F1xx_HAL_Driver/Src/stm32f1xx_hal_gpio.o
 .debug_abbrev  0x000011b1      0x2b3 ./Drivers/STM32F1xx_HAL_Driver/Src/stm32f1xx_hal_rcc.o
 .debug_abbrev  0x00001464      0x284 ./Drivers/STM32F1xx_HAL_Driver/Src/stm32f1xx_hal_spi.o
 .debug_abbrev  0x000016e8      0x2f8 ./Drivers/STM32F1xx_HAL_Driver/Src/stm32f1xx_hal_uart.o

.debug_aranges  0x00000000      0x8f8
 .debug_aranges
                0x00000000       0x80 ./Core/Src/LED74HC595.o
 .debug_aranges
                0x00000080       0xa0 ./Core/Src/NRF24L01.o
 .debug_aranges
                0x00000120       0x48 ./Core/Src/main.o
 .debug_aranges
                0x00000168       0x40 ./Core/Src/stm32f1xx_hal_msp.o
 .debug_aranges
                0x000001a8       0x60 ./Core/Src/stm32f1xx_it.o
 .debug_aranges
                0x00000208       0x28 ./Core/Src/system_stm32f1xx.o
 .debug_aranges
                0x00000230       0x28 ./Core/Startup/startup_stm32f103c8tx.o
 .debug_aranges
                0x00000258       0xe0 ./Drivers/STM32F1xx_HAL_Driver/Src/stm32f1xx_hal.o
 .debug_aranges
                0x00000338      0x100 ./Drivers/STM32F1xx_HAL_Driver/Src/stm32f1xx_hal_cortex.o
 .debug_aranges
                0x00000438       0x58 ./Drivers/STM32F1xx_HAL_Driver/Src/stm32f1xx_hal_gpio.o
 .debug_aranges
                0x00000490       0x90 ./Drivers/STM32F1xx_HAL_Driver/Src/stm32f1xx_hal_rcc.o
 .debug_aranges
                0x00000520      0x1d0 ./Drivers/STM32F1xx_HAL_Driver/Src/stm32f1xx_hal_spi.o
 .debug_aranges
                0x000006f0      0x208 ./Drivers/STM32F1xx_HAL_Driver/Src/stm32f1xx_hal_uart.o

.debug_rnglists
                0x00000000      0x6e2
 .debug_rnglists
                0x00000000       0x63 ./Core/Src/LED74HC595.o
 .debug_rnglists
                0x00000063       0x76 ./Core/Src/NRF24L01.o
 .debug_rnglists
                0x000000d9       0x33 ./Core/Src/main.o
 .debug_rnglists
                0x0000010c       0x2d ./Core/Src/stm32f1xx_hal_msp.o
 .debug_rnglists
                0x00000139       0x43 ./Core/Src/stm32f1xx_it.o
 .debug_rnglists
                0x0000017c       0x1a ./Core/Src/system_stm32f1xx.o
 .debug_rnglists
                0x00000196       0x19 ./Core/Startup/startup_stm32f103c8tx.o
 .debug_rnglists
                0x000001af       0xa3 ./Drivers/STM32F1xx_HAL_Driver/Src/stm32f1xx_hal.o
 .debug_rnglists
                0x00000252       0xbb ./Drivers/STM32F1xx_HAL_Driver/Src/stm32f1xx_hal_cortex.o
 .debug_rnglists
                0x0000030d       0x3f ./Drivers/STM32F1xx_HAL_Driver/Src/stm32f1xx_hal_gpio.o
 .debug_rnglists
                0x0000034c       0x6c ./Drivers/STM32F1xx_HAL_Driver/Src/stm32f1xx_hal_rcc.o
 .debug_rnglists
                0x000003b8      0x16e ./Drivers/STM32F1xx_HAL_Driver/Src/stm32f1xx_hal_spi.o
 .debug_rnglists
                0x00000526      0x1bc ./Drivers/STM32F1xx_HAL_Driver/Src/stm32f1xx_hal_uart.o

.debug_macro    0x00000000     0x1683
 .debug_macro   0x00000000      0x1bb ./Core/Src/LED74HC595.o
 .debug_macro   0x000001bb       0x22 ./Core/Src/LED74HC595.o
 .debug_macro   0x000001dd      0x1bf ./Core/Src/NRF24L01.o
 .debug_macro   0x0000039c       0xee ./Core/Src/NRF24L01.o
 .debug_macro   0x0000048a      0x2d9 ./Core/Src/main.o
 .debug_macro   0x00000763      0x1a2 ./Core/Src/stm32f1xx_hal_msp.o
 .debug_macro   0x00000905      0x1ac ./Core/Src/stm32f1xx_it.o
 .debug_macro   0x00000ab1      0x198 ./Core/Src/system_stm32f1xx.o
 .debug_macro   0x00000c49      0x1bc ./Drivers/STM32F1xx_HAL_Driver/Src/stm32f1xx_hal.o
 .debug_macro   0x00000e05      0x198 ./Drivers/STM32F1xx_HAL_Driver/Src/stm32f1xx_hal_cortex.o
 .debug_macro   0x00000f9d      0x203 ./Drivers/STM32F1xx_HAL_Driver/Src/stm32f1xx_hal_gpio.o
 .debug_macro   0x000011a0      0x1aa ./Drivers/STM32F1xx_HAL_Driver/Src/stm32f1xx_hal_rcc.o
 .debug_macro   0x0000134a      0x1a0 ./Drivers/STM32F1xx_HAL_Driver/Src/stm32f1xx_hal_spi.o
 .debug_macro   0x000014ea      0x199 ./Drivers/STM32F1xx_HAL_Driver/Src/stm32f1xx_hal_uart.o

.debug_line     0x00000000     0xa907
 .debug_line    0x00000000      0xbf4 ./Core/Src/LED74HC595.o
 .debug_line    0x00000bf4      0x9e7 ./Core/Src/NRF24L01.o
 .debug_line    0x000015db      0xa00 ./Core/Src/main.o
 .debug_line    0x00001fdb      0x791 ./Core/Src/stm32f1xx_hal_msp.o
 .debug_line    0x0000276c      0x7ad ./Core/Src/stm32f1xx_it.o
 .debug_line    0x00002f19      0x769 ./Core/Src/system_stm32f1xx.o
 .debug_line    0x00003682       0x78 ./Core/Startup/startup_stm32f103c8tx.o
 .debug_line    0x000036fa      0x996 ./Drivers/STM32F1xx_HAL_Driver/Src/stm32f1xx_hal.o
 .debug_line    0x00004090      0xb82 ./Drivers/STM32F1xx_HAL_Driver/Src/stm32f1xx_hal_cortex.o
 .debug_line    0x00004c12      0xa2f ./Drivers/STM32F1xx_HAL_Driver/Src/stm32f1xx_hal_gpio.o
 .debug_line    0x00005641      0xd9f ./Drivers/STM32F1xx_HAL_Driver/Src/stm32f1xx_hal_rcc.o
 .debug_line    0x000063e0     0x1c48 ./Drivers/STM32F1xx_HAL_Driver/Src/stm32f1xx_hal_spi.o
 .debug_line    0x00008028     0x28df ./Drivers/STM32F1xx_HAL_Driver/Src/stm32f1xx_hal_uart.o

.debug_str      0x00000000    0x83ad6
 .debug_str     0x00000000    0x7dbae ./Core/Src/LED74HC595.o
                              0x7df14 (size before relaxing)
 .debug_str     0x0007dbae      0x7d6 ./Core/Src/NRF24L01.o
                              0x7e542 (size before relaxing)
 .debug_str     0x0007e384     0x3bdb ./Core/Src/main.o
                              0x8203b (size before relaxing)
 .debug_str     0x00081f5f       0xbb ./Core/Src/stm32f1xx_hal_msp.o
                              0x7e354 (size before relaxing)
 .debug_str     0x0008201a       0xc9 ./Core/Src/stm32f1xx_it.o
                              0x7dd39 (size before relaxing)
 .debug_str     0x000820e3       0x7e ./Core/Src/system_stm32f1xx.o
                              0x7dd4f (size before relaxing)
 .debug_str     0x00082161       0x44 ./Core/Startup/startup_stm32f103c8tx.o
                                 0x5e (size before relaxing)
 .debug_str     0x000821a5      0x5fd ./Drivers/STM32F1xx_HAL_Driver/Src/stm32f1xx_hal.o
                              0x7e482 (size before relaxing)
 .debug_str     0x000827a2      0x2bb ./Drivers/STM32F1xx_HAL_Driver/Src/stm32f1xx_hal_cortex.o
                              0x7e3ce (size before relaxing)
 .debug_str     0x00082a5d      0x2e6 ./Drivers/STM32F1xx_HAL_Driver/Src/stm32f1xx_hal_gpio.o
                              0x7e0d5 (size before relaxing)
 .debug_str     0x00082d43      0x229 ./Drivers/STM32F1xx_HAL_Driver/Src/stm32f1xx_hal_rcc.o
                              0x7e17e (size before relaxing)
 .debug_str     0x00082f6c      0x550 ./Drivers/STM32F1xx_HAL_Driver/Src/stm32f1xx_hal_spi.o
                              0x7e67b (size before relaxing)
 .debug_str     0x000834bc      0x61a ./Drivers/STM32F1xx_HAL_Driver/Src/stm32f1xx_hal_uart.o
                              0x7e7ef (size before relaxing)

.comment        0x00000000       0x43
 .comment       0x00000000       0x43 ./Core/Src/LED74HC595.o
                                 0x44 (size before relaxing)
 .comment       0x00000043       0x44 ./Core/Src/NRF24L01.o
 .comment       0x00000043       0x44 ./Core/Src/main.o
 .comment       0x00000043       0x44 ./Core/Src/stm32f1xx_hal_msp.o
 .comment       0x00000043       0x44 ./Core/Src/stm32f1xx_it.o
 .comment       0x00000043       0x44 ./Core/Src/system_stm32f1xx.o
 .comment       0x00000043       0x44 ./Drivers/STM32F1xx_HAL_Driver/Src/stm32f1xx_hal.o
 .comment       0x00000043       0x44 ./Drivers/STM32F1xx_HAL_Driver/Src/stm32f1xx_hal_cortex.o
 .comment       0x00000043       0x44 ./Drivers/STM32F1xx_HAL_Driver/Src/stm32f1xx_hal_gpio.o
 .comment       0x00000043       0x44 ./Drivers/STM32F1xx_HAL_Driver/Src/stm32f1xx_hal_rcc.o
 .comment       0x00000043       0x44 ./Drivers/STM32F1xx_HAL_Driver/Src/stm32f1xx_hal_spi.o
 .comment       0x00000043       0x44 ./Drivers/STM32F1xx_HAL_Driver/Src/stm32f1xx_hal_uart.o

.debug_frame    0x00000000     0x23b0
 .debug_frame   0x00000000      0x200 ./Core/Src/LED74HC595.o
 .debug_frame   0x00000200      0x250 ./Core/Src/NRF24L01.o
 .debug_frame   0x00000450       0xc8 ./Core/Src/main.o
 .debug_frame   0x00000518       0xc8 ./Core/Src/stm32f1xx_hal_msp.o
 .debug_frame   0x000005e0      0x104 ./Core/Src/stm32f1xx_it.o
 .debug_frame   0x000006e4       0x58 ./Core/Src/system_stm32f1xx.o
 .debug_frame   0x0000073c      0x334 ./Drivers/STM32F1xx_HAL_Driver/Src/stm32f1xx_hal.o
 .debug_frame   0x00000a70      0x428 ./Drivers/STM32F1xx_HAL_Driver/Src/stm32f1xx_hal_cortex.o
 .debug_frame   0x00000e98      0x14c ./Drivers/STM32F1xx_HAL_Driver/Src/stm32f1xx_hal_gpio.o
 .debug_frame   0x00000fe4      0x218 ./Drivers/STM32F1xx_HAL_Driver/Src/stm32f1xx_hal_rcc.o
 .debug_frame   0x000011fc      0x824 ./Drivers/STM32F1xx_HAL_Driver/Src/stm32f1xx_hal_spi.o
 .debug_frame   0x00001a20      0x944 ./Drivers/STM32F1xx_HAL_Driver/Src/stm32f1xx_hal_uart.o
 .debug_frame   0x00002364       0x20 C:/ST/STM32CubeIDE_1.15.0/STM32CubeIDE/plugins/com.st.stm32cube.ide.mcu.externaltools.gnu-tools-for-stm32.12.3.rel1.win32_1.0.100.202403111256/tools/bin/../lib/gcc/arm-none-eabi/12.3.1/../../../../arm-none-eabi/lib/thumb/v7-m/nofp\libc_nano.a(libc_a-memset.o)
 .debug_frame   0x00002384       0x2c C:/ST/STM32CubeIDE_1.15.0/STM32CubeIDE/plugins/com.st.stm32cube.ide.mcu.externaltools.gnu-tools-for-stm32.12.3.rel1.win32_1.0.100.202403111256/tools/bin/../lib/gcc/arm-none-eabi/12.3.1/../../../../arm-none-eabi/lib/thumb/v7-m/nofp\libc_nano.a(libc_a-init.o)

.debug_line_str
                0x00000000       0x42
 .debug_line_str
                0x00000000       0x42 ./Core/Startup/startup_stm32f103c8tx.o
