Archive member included to satisfy reference by file (symbol)

C:/ST/STM32CubeIDE_1.15.0/STM32CubeIDE/plugins/com.st.stm32cube.ide.mcu.externaltools.gnu-tools-for-stm32.12.3.rel1.win32_1.0.100.202403111256/tools/bin/../lib/gcc/arm-none-eabi/12.3.1/../../../../arm-none-eabi/lib/thumb/v7-m/nofp\libm.a(libm_a-w_pow.o)
                              ./Core/Src/LED74HC595.o (pow)
C:/ST/STM32CubeIDE_1.15.0/STM32CubeIDE/plugins/com.st.stm32cube.ide.mcu.externaltools.gnu-tools-for-stm32.12.3.rel1.win32_1.0.100.202403111256/tools/bin/../lib/gcc/arm-none-eabi/12.3.1/../../../../arm-none-eabi/lib/thumb/v7-m/nofp\libm.a(libm_a-s_finite.o)
                              C:/ST/STM32CubeIDE_1.15.0/STM32CubeIDE/plugins/com.st.stm32cube.ide.mcu.externaltools.gnu-tools-for-stm32.12.3.rel1.win32_1.0.100.202403111256/tools/bin/../lib/gcc/arm-none-eabi/12.3.1/../../../../arm-none-eabi/lib/thumb/v7-m/nofp\libm.a(libm_a-w_pow.o) (finite)
C:/ST/STM32CubeIDE_1.15.0/STM32CubeIDE/plugins/com.st.stm32cube.ide.mcu.externaltools.gnu-tools-for-stm32.12.3.rel1.win32_1.0.100.202403111256/tools/bin/../lib/gcc/arm-none-eabi/12.3.1/../../../../arm-none-eabi/lib/thumb/v7-m/nofp\libm.a(libm_a-e_pow.o)
                              C:/ST/STM32CubeIDE_1.15.0/STM32CubeIDE/plugins/com.st.stm32cube.ide.mcu.externaltools.gnu-tools-for-stm32.12.3.rel1.win32_1.0.100.202403111256/tools/bin/../lib/gcc/arm-none-eabi/12.3.1/../../../../arm-none-eabi/lib/thumb/v7-m/nofp\libm.a(libm_a-w_pow.o) (__ieee754_pow)
C:/ST/STM32CubeIDE_1.15.0/STM32CubeIDE/plugins/com.st.stm32cube.ide.mcu.externaltools.gnu-tools-for-stm32.12.3.rel1.win32_1.0.100.202403111256/tools/bin/../lib/gcc/arm-none-eabi/12.3.1/../../../../arm-none-eabi/lib/thumb/v7-m/nofp\libm.a(libm_a-s_fabs.o)
                              C:/ST/STM32CubeIDE_1.15.0/STM32CubeIDE/plugins/com.st.stm32cube.ide.mcu.externaltools.gnu-tools-for-stm32.12.3.rel1.win32_1.0.100.202403111256/tools/bin/../lib/gcc/arm-none-eabi/12.3.1/../../../../arm-none-eabi/lib/thumb/v7-m/nofp\libm.a(libm_a-e_pow.o) (fabs)
C:/ST/STM32CubeIDE_1.15.0/STM32CubeIDE/plugins/com.st.stm32cube.ide.mcu.externaltools.gnu-tools-for-stm32.12.3.rel1.win32_1.0.100.202403111256/tools/bin/../lib/gcc/arm-none-eabi/12.3.1/../../../../arm-none-eabi/lib/thumb/v7-m/nofp\libm.a(libm_a-s_scalbn.o)
                              C:/ST/STM32CubeIDE_1.15.0/STM32CubeIDE/plugins/com.st.stm32cube.ide.mcu.externaltools.gnu-tools-for-stm32.12.3.rel1.win32_1.0.100.202403111256/tools/bin/../lib/gcc/arm-none-eabi/12.3.1/../../../../arm-none-eabi/lib/thumb/v7-m/nofp\libm.a(libm_a-e_pow.o) (scalbn)
C:/ST/STM32CubeIDE_1.15.0/STM32CubeIDE/plugins/com.st.stm32cube.ide.mcu.externaltools.gnu-tools-for-stm32.12.3.rel1.win32_1.0.100.202403111256/tools/bin/../lib/gcc/arm-none-eabi/12.3.1/../../../../arm-none-eabi/lib/thumb/v7-m/nofp\libm.a(libm_a-math_err.o)
                              C:/ST/STM32CubeIDE_1.15.0/STM32CubeIDE/plugins/com.st.stm32cube.ide.mcu.externaltools.gnu-tools-for-stm32.12.3.rel1.win32_1.0.100.202403111256/tools/bin/../lib/gcc/arm-none-eabi/12.3.1/../../../../arm-none-eabi/lib/thumb/v7-m/nofp\libm.a(libm_a-e_pow.o) (__math_uflow)
C:/ST/STM32CubeIDE_1.15.0/STM32CubeIDE/plugins/com.st.stm32cube.ide.mcu.externaltools.gnu-tools-for-stm32.12.3.rel1.win32_1.0.100.202403111256/tools/bin/../lib/gcc/arm-none-eabi/12.3.1/../../../../arm-none-eabi/lib/thumb/v7-m/nofp\libm.a(libm_a-e_sqrt.o)
                              C:/ST/STM32CubeIDE_1.15.0/STM32CubeIDE/plugins/com.st.stm32cube.ide.mcu.externaltools.gnu-tools-for-stm32.12.3.rel1.win32_1.0.100.202403111256/tools/bin/../lib/gcc/arm-none-eabi/12.3.1/../../../../arm-none-eabi/lib/thumb/v7-m/nofp\libm.a(libm_a-e_pow.o) (__ieee754_sqrt)
C:/ST/STM32CubeIDE_1.15.0/STM32CubeIDE/plugins/com.st.stm32cube.ide.mcu.externaltools.gnu-tools-for-stm32.12.3.rel1.win32_1.0.100.202403111256/tools/bin/../lib/gcc/arm-none-eabi/12.3.1/../../../../arm-none-eabi/lib/thumb/v7-m/nofp\libc_nano.a(libc_a-exit.o)
                              C:/ST/STM32CubeIDE_1.15.0/STM32CubeIDE/plugins/com.st.stm32cube.ide.mcu.externaltools.gnu-tools-for-stm32.12.3.rel1.win32_1.0.100.202403111256/tools/bin/../lib/gcc/arm-none-eabi/12.3.1/../../../../arm-none-eabi/lib/thumb/v7-m/nofp/crt0.o (exit)
C:/ST/STM32CubeIDE_1.15.0/STM32CubeIDE/plugins/com.st.stm32cube.ide.mcu.externaltools.gnu-tools-for-stm32.12.3.rel1.win32_1.0.100.202403111256/tools/bin/../lib/gcc/arm-none-eabi/12.3.1/../../../../arm-none-eabi/lib/thumb/v7-m/nofp\libc_nano.a(libc_a-findfp.o)
                              C:/ST/STM32CubeIDE_1.15.0/STM32CubeIDE/plugins/com.st.stm32cube.ide.mcu.externaltools.gnu-tools-for-stm32.12.3.rel1.win32_1.0.100.202403111256/tools/bin/../lib/gcc/arm-none-eabi/12.3.1/../../../../arm-none-eabi/lib/thumb/v7-m/nofp\libc_nano.a(libc_a-exit.o) (__stdio_exit_handler)
[...]
Memory Configuration

Name             Origin             Length             Attributes
RAM              0x20000000         0x00005000         xrw
FLASH            0x08000000         0x00010000         xr
*default*        0x00000000         0xffffffff

Linker script and memory map

LOAD C:/ST/STM32CubeIDE_1.15.0/STM32CubeIDE/plugins/com.st.stm32cube.ide.mcu.externaltools.gnu-tools-for-stm32.12.3.rel1.win32_1.0.100.202403111256/tools/bin/../lib/gcc/arm-none-eabi/12.3.1/thumb/v7-m/nofp/crti.o
LOAD C:/ST/STM32CubeIDE_1.15.0/STM32CubeIDE/plugins/com.st.stm32cube.ide.mcu.externaltools.gnu-tools-for-stm32.12.3.rel1.win32_1.0.100.202403111256/tools/bin/../lib/gcc/arm-none-eabi/12.3.1/thumb/v7-m/nofp/crtbegin.o
LOAD C:/ST/STM32CubeIDE_1.15.0/STM32CubeIDE/plugins/com.st.stm32cube.ide.mcu.externaltools.gnu-tools-for-stm32.12.3.rel1.win32_1.0.100.202403111256/tools/bin/../lib/gcc/arm-none-eabi/12.3.1/../../../../arm-none-eabi/lib/thumb/v7-m/nofp/crt0.o
LOAD ./Core/Src/EEPROM.o
LOAD ./Core/Src/LED74HC595.o
LOAD ./Core/Src/NRF24L01.o
LOAD ./Core/Src/freertos.o
LOAD ./Core/Src/main.o
LOAD ./Core/Src/stm32f1xx_hal_msp.o
LOAD ./Core/Src/stm32f1xx_hal_timebase_tim.o
LOAD ./Core/Src/stm32f1xx_it.o
LOAD ./Core/Src/syscalls.o
LOAD ./Core/Src/sysmem.o
LOAD ./Core/Src/system_stm32f1xx.o
LOAD ./Core/Startup/startup_stm32f103c8tx.o
LOAD ./Drivers/STM32F1xx_HAL_Driver/Src/stm32f1xx_hal.o
LOAD ./Drivers/STM32F1xx_HAL_Driver/Src/stm32f1xx_hal_cortex.o
LOAD ./Drivers/STM32F1xx_HAL_Driver/Src/stm32f1xx_hal_dma.o
LOAD ./Drivers/STM32F1xx_HAL_Driver/Src/stm32f1xx_hal_exti.o
LOAD ./Drivers/STM32F1xx_HAL_Driver/Src/stm32f1xx_hal_flash.o
LOAD ./Drivers/STM32F1xx_HAL_Driver/Src/stm32f1xx_hal_flash_ex.o
LOAD ./Drivers/STM32F1xx_HAL_Driver/Src/stm32f1xx_hal_gpio.o
LOAD ./Drivers/STM32F1xx_HAL_Driver/Src/stm32f1xx_hal_gpio_ex.o
LOAD ./Drivers/STM32F1xx_HAL_Driver/Src/stm32f1xx_hal_i2c.o
LOAD ./Drivers/STM32F1xx_HAL_Driver/Src/stm32f1xx_hal_pwr.o
LOAD ./Drivers/STM32F1xx_HAL_Driver/Src/stm32f1xx_hal_rcc.o
LOAD ./Drivers/STM32F1xx_HAL_Driver/Src/stm32f1xx_hal_rcc_ex.o
LOAD ./Drivers/STM32F1xx_HAL_Driver/Src/stm32f1xx_hal_spi.o
LOAD ./Drivers/STM32F1xx_HAL_Driver/Src/stm32f1xx_hal_tim.o
LOAD ./Drivers/STM32F1xx_HAL_Driver/Src/stm32f1xx_hal_tim_ex.o
LOAD ./Drivers/STM32F1xx_HAL_Driver/Src/stm32f1xx_hal_uart.o
LOAD ./Middlewares/Third_Party/FreeRTOS/Source/CMSIS_RTOS_V2/cmsis_os2.o
LOAD ./Middlewares/Third_Party/FreeRTOS/Source/croutine.o
LOAD ./Middlewares/Third_Party/FreeRTOS/Source/event_groups.o
LOAD ./Middlewares/Third_Party/FreeRTOS/Source/list.o
LOAD ./Middlewares/Third_Party/FreeRTOS/Source/queue.o
LOAD ./Middlewares/Third_Party/FreeRTOS/Source/stream_buffer.o
LOAD ./Middlewares/Third_Party/FreeRTOS/Source/tasks.o
LOAD ./Middlewares/Third_Party/FreeRTOS/Source/timers.o
LOAD ./Middlewares/Third_Party/FreeRTOS/Source/portable/GCC/ARM_CM3/port.o
LOAD ./Middlewares/Third_Party/FreeRTOS/Source/portable/MemMang/heap_4.o
START GROUP
LOAD C:/ST/STM32CubeIDE_1.15.0/STM32CubeIDE/plugins/com.st.stm32cube.ide.mcu.externaltools.gnu-tools-for-stm32.12.3.rel1.win32_1.0.100.202403111256/tools/bin/../lib/gcc/arm-none-eabi/12.3.1/../../../../arm-none-eabi/lib/thumb/v7-m/nofp\libstdc++_nano.a
LOAD C:/ST/STM32CubeIDE_1.15.0/STM32CubeIDE/plugins/com.st.stm32cube.ide.mcu.externaltools.gnu-tools-for-stm32.12.3.rel1.win32_1.0.100.202403111256/tools/bin/../lib/gcc/arm-none-eabi/12.3.1/../../../../arm-none-eabi/lib/thumb/v7-m/nofp\libsupc++_nano.a
END GROUP
LOAD C:/ST/STM32CubeIDE_1.15.0/STM32CubeIDE/plugins/com.st.stm32cube.ide.mcu.externaltools.gnu-tools-for-stm32.12.3.rel1.win32_1.0.100.202403111256/tools/bin/../lib/gcc/arm-none-eabi/12.3.1/../../../../arm-none-eabi/lib/thumb/v7-m/nofp\libstdc++_nano.a
LOAD C:/ST/STM32CubeIDE_1.15.0/STM32CubeIDE/plugins/com.st.stm32cube.ide.mcu.externaltools.gnu-tools-for-stm32.12.3.rel1.win32_1.0.100.202403111256/tools/bin/../lib/gcc/arm-none-eabi/12.3.1/../../../../arm-none-eabi/lib/thumb/v7-m/nofp\libm.a
LOAD C:/ST/STM32CubeIDE_1.15.0/STM32CubeIDE/plugins/com.st.stm32cube.ide.mcu.externaltools.gnu-tools-for-stm32.12.3.rel1.win32_1.0.100.202403111256/tools/bin/../lib/gcc/arm-none-eabi/12.3.1/../../../../arm-none-eabi/lib/thumb/v7-m/nofp\libc_nano.a
START GROUP
LOAD C:/ST/STM32CubeIDE_1.15.0/STM32CubeIDE/plugins/com.st.stm32cube.ide.mcu.externaltools.gnu-tools-for-stm32.12.3.rel1.win32_1.0.100.202403111256/tools/bin/../lib/gcc/arm-none-eabi/12.3.1/thumb/v7-m/nofp\libgcc.a
LOAD C:/ST/STM32CubeIDE_1.15.0/STM32CubeIDE/plugins/com.st.stm32cube.ide.mcu.externaltools.gnu-tools-for-stm32.12.3.rel1.win32_1.0.100.202403111256/tools/bin/../lib/gcc/arm-none-eabi/12.3.1/../../../../arm-none-eabi/lib/thumb/v7-m/nofp\libc_nano.a
END GROUP
START GROUP
LOAD C:/ST/STM32CubeIDE_1.15.0/STM32CubeIDE/plugins/com.st.stm32cube.ide.mcu.externaltools.gnu-tools-for-stm32.12.3.rel1.win32_1.0.100.202403111256/tools/bin/../lib/gcc/arm-none-eabi/12.3.1/thumb/v7-m/nofp\libgcc.a
LOAD C:/ST/STM32CubeIDE_1.15.0/STM32CubeIDE/plugins/com.st.stm32cube.ide.mcu.externaltools.gnu-tools-for-stm32.12.3.rel1.win32_1.0.100.202403111256/tools/bin/../lib/gcc/arm-none-eabi/12.3.1/../../../../arm-none-eabi/lib/thumb/v7-m/nofp\libc_nano.a
LOAD C:/ST/STM32CubeIDE_1.15.0/STM32CubeIDE/plugins/com.st.stm32cube.ide.mcu.externaltools.gnu-tools-for-stm32.12.3.rel1.win32_1.0.100.202403111256/tools/bin/../lib/gcc/arm-none-eabi/12.3.1/../../../../arm-none-eabi/lib/thumb/v7-m/nofp\libnosys.a
END GROUP
START GROUP
LOAD C:/ST/STM32CubeIDE_1.15.0/STM32CubeIDE/plugins/com.st.stm32cube.ide.mcu.externaltools.gnu-tools-for-stm32.12.3.rel1.win32_1.0.100.202403111256/tools/bin/../lib/gcc/arm-none-eabi/12.3.1/thumb/v7-m/nofp\libgcc.a
LOAD C:/ST/STM32CubeIDE_1.15.0/STM32CubeIDE/plugins/com.st.stm32cube.ide.mcu.externaltools.gnu-tools-for-stm32.12.3.rel1.win32_1.0.100.202403111256/tools/bin/../lib/gcc/arm-none-eabi/12.3.1/../../../../arm-none-eabi/lib/thumb/v7-m/nofp\libc_nano.a
LOAD C:/ST/STM32CubeIDE_1.15.0/STM32CubeIDE/plugins/com.st.stm32cube.ide.mcu.externaltools.gnu-tools-for-stm32.12.3.rel1.win32_1.0.100.202403111256/tools/bin/../lib/gcc/arm-none-eabi/12.3.1/../../../../arm-none-eabi/lib/thumb/v7-m/nofp\libnosys.a
END GROUP
LOAD C:/ST/STM32CubeIDE_1.15.0/STM32CubeIDE/plugins/com.st.stm32cube.ide.mcu.externaltools.gnu-tools-for-stm32.12.3.rel1.win32_1.0.100.202403111256/tools/bin/../lib/gcc/arm-none-eabi/12.3.1/thumb/v7-m/nofp/crtend.o
LOAD C:/ST/STM32CubeIDE_1.15.0/STM32CubeIDE/plugins/com.st.stm32cube.ide.mcu.externaltools.gnu-tools-for-stm32.12.3.rel1.win32_1.0.100.202403111256/tools/bin/../lib/gcc/arm-none-eabi/12.3.1/thumb/v7-m/nofp/crtn.o
                0x20005000                        _estack = (ORIGIN (RAM) + LENGTH (RAM))
                0x00000200                        _Min_Heap_Size = 0x200
                0x00000400                        _Min_Stack_Size = 0x400

.isr_vector     0x08000000      0x10c
                0x08000000                        . = ALIGN (0x4)
 *(.isr_vector)
 .isr_vector    0x08000000      0x10c ./Core/Startup/startup_stm32f103c8tx.o
                0x08000000                g_pfnVectors
                0x0800010c                        . = ALIGN (0x4)

.text           0x08000110     0x72d8
                0x08000110                        . = ALIGN (0x4)
 *(.text)
 .text          0x08000110       0x40 C:/ST/STM32CubeIDE_1.15.0/STM32CubeIDE/plugins/com.st.stm32cube.ide.mcu.externaltools.gnu-tools-for-stm32.12.3.rel1.win32_1.0.100.202403111256/tools/bin/../lib/gcc/arm-none-eabi/12.3.1/thumb/v7-m/nofp/crtbegin.o
 .text          0x08000150      0x21c C:/ST/STM32CubeIDE_1.15.0/STM32CubeIDE/plugins/com.st.stm32cube.ide.mcu.externaltools.gnu-tools-for-stm32.12.3.rel1.win32_1.0.100.202403111256/tools/bin/../lib/gcc/arm-none-eabi/12.3.1/thumb/v7-m/nofp\libgcc.a(_arm_addsubsf3.o)
                0x08000150                __aeabi_frsub
                0x08000158                __subsf3
                0x08000158                __aeabi_fsub
                0x0800015c                __aeabi_fadd
                0x0800015c                __addsf3
                0x080002bc                __aeabi_ui2f
                0x080002bc                __floatunsisf
                0x080002c4                __aeabi_i2f
                0x080002c4                __floatsisf
                0x080002e0                __aeabi_ul2f
                0x080002e0                __floatundisf
                0x080002f0                __aeabi_l2f
                0x080002f0                __floatdisf
 .text          0x0800036c       0x4c C:/ST/STM32CubeIDE_1.15.0/STM32CubeIDE/plugins/com.st.stm32cube.ide.mcu.externaltools.gnu-tools-for-stm32.12.3.rel1.win32_1.0.100.202403111256/tools/bin/../lib/gcc/arm-none-eabi/12.3.1/thumb/v7-m/nofp\libgcc.a(_arm_fixsfsi.o)
                0x0800036c                __aeabi_f2iz
                0x0800036c                __fixsfsi
 *(.text*)
 .text.bytestowrite
                0x080003b8       0x30 ./Core/Src/EEPROM.o
                0x080003b8                bytestowrite
 .text.EEPROM_Write
                0x080003e8       0xcc ./Core/Src/EEPROM.o
                0x080003e8                EEPROM_Write
 .text.float2Bytes
                0x080004b4       0x3e ./Core/Src/EEPROM.o
                0x080004b4                float2Bytes
 .text.Bytes2float
                0x080004f2       0x3c ./Core/Src/EEPROM.o
                0x080004f2                Bytes2float
 *fill*         0x0800052e        0x2 
 .text.EEPROM_Write_NUM
                0x08000530       0x30 ./Core/Src/EEPROM.o
                0x08000530                EEPROM_Write_NUM
 .text.EEPROM_Read_NUM
                0x08000560       0x32 ./Core/Src/EEPROM.o
                0x08000560                EEPROM_Read_NUM
 *fill*         0x08000592        0x2 
 .text.EEPROM_Read
                0x08000594       0xc4 ./Core/Src/EEPROM.o
                0x08000594                EEPROM_Read
 .text.setUp    0x08000658       0x90 ./Core/Src/LED74HC595.o
                0x08000658                setUp
 .text.clear    0x080006e8       0x40 ./Core/Src/LED74HC595.o
                0x080006e8                clear
 .text.setNumber
                0x08000728       0x50 ./Core/Src/LED74HC595.o
                0x08000728                setNumber
 .text.setChar  0x08000778       0xb8 ./Core/Src/LED74HC595.o
                0x08000778                setChar
 .text.show     0x08000830       0x44 ./Core/Src/LED74HC595.o
                0x08000830                show
 .text.loop     0x08000874       0x9c ./Core/Src/LED74HC595.o
                0x08000874                loop
 .text.shift    0x08000910       0x8c ./Core/Src/LED74HC595.o
                0x08000910                shift
 .text.setInt   0x0800099c      0x150 ./Core/Src/LED74HC595.o
                0x0800099c                setInt
 .text.printInt
                0x08000aec       0x26 ./Core/Src/LED74HC595.o
                0x08000aec                printInt
 *fill*         0x08000b12        0x2 
 .text.CS_Select
                0x08000b14       0x18 ./Core/Src/NRF24L01.o
                0x08000b14                CS_Select
 .text.CS_UnSelect
                0x08000b2c       0x18 ./Core/Src/NRF24L01.o
                0x08000b2c                CS_UnSelect
 .text.CE_Enable
                0x08000b44       0x18 ./Core/Src/NRF24L01.o
                0x08000b44                CE_Enable
 .text.CE_Disable
                0x08000b5c       0x18 ./Core/Src/NRF24L01.o
                0x08000b5c                CE_Disable
 .text.nrf24_WriteReg
                0x08000b74       0x44 ./Core/Src/NRF24L01.o
                0x08000b74                nrf24_WriteReg
 .text.nrf24_WriteRegMulti
                0x08000bb8       0x4c ./Core/Src/NRF24L01.o
                0x08000bb8                nrf24_WriteRegMulti
 .text.nrf24_ReadReg
                0x08000c04       0x40 ./Core/Src/NRF24L01.o
                0x08000c04                nrf24_ReadReg
 .text.nrf24_ReadReg_Multi
                0x08000c44       0x40 ./Core/Src/NRF24L01.o
                0x08000c44                nrf24_ReadReg_Multi
 .text.nrfsendCmd
                0x08000c84       0x2c ./Core/Src/NRF24L01.o
                0x08000c84                nrfsendCmd
 .text.nrf24_reset
                0x08000cb0      0x14c ./Core/Src/NRF24L01.o
                0x08000cb0                nrf24_reset
 .text.NRF24_Init
                0x08000dfc       0x4e ./Core/Src/NRF24L01.o
                0x08000dfc                NRF24_Init
 .text.NRF24_RxMode
                0x08000e4a       0x7e ./Core/Src/NRF24L01.o
                0x08000e4a                NRF24_RxMode
 .text.isDataAvailable
                0x08000ec8       0x3e ./Core/Src/NRF24L01.o
                0x08000ec8                isDataAvailable
 *fill*         0x08000f06        0x2 
 .text.NRF24_Receive
                0x08000f08       0x54 ./Core/Src/NRF24L01.o
                0x08000f08                NRF24_Receive
 .text.NRF24_ReadAll
                0x08000f5c       0xcc ./Core/Src/NRF24L01.o
                0x08000f5c                NRF24_ReadAll
 .text.main     0x08001028       0xf4 ./Core/Src/main.o
                0x08001028                main
 .text.SystemClock_Config
                0x0800111c       0x8a ./Core/Src/main.o
                0x0800111c                SystemClock_Config
 *fill*         0x080011a6        0x2 
 .text.MX_I2C1_Init
                0x080011a8       0x5c ./Core/Src/main.o
 .text.MX_SPI1_Init
                0x08001204       0x6c ./Core/Src/main.o
 .text.MX_USART2_UART_Init
                0x08001270       0x54 ./Core/Src/main.o
 .text.MX_GPIO_Init
                0x080012c4       0xf4 ./Core/Src/main.o
 .text.StartDefaultTask
                0x080013b8       0x10 ./Core/Src/main.o
                0x080013b8                StartDefaultTask
 .text.StartReciveTask
                0x080013c8       0x88 ./Core/Src/main.o
                0x080013c8                StartReciveTask
 .text.StartLoopTask
                0x08001450       0x28 ./Core/Src/main.o
                0x08001450                StartLoopTask
 .text.StartTaskBtn
                0x08001478       0x7c ./Core/Src/main.o
                0x08001478                StartTaskBtn
 .text.HAL_TIM_PeriodElapsedCallback
                0x080014f4       0x24 ./Core/Src/main.o
                0x080014f4                HAL_TIM_PeriodElapsedCallback
 .text.Error_Handler
                0x08001518        0xc ./Core/Src/main.o
                0x08001518                Error_Handler
 .text.HAL_MspInit
                0x08001524       0x70 ./Core/Src/stm32f1xx_hal_msp.o
                0x08001524                HAL_MspInit
 .text.HAL_I2C_MspInit
                0x08001594       0x7c ./Core/Src/stm32f1xx_hal_msp.o
                0x08001594                HAL_I2C_MspInit
 .text.HAL_SPI_MspInit
                0x08001610       0x94 ./Core/Src/stm32f1xx_hal_msp.o
                0x08001610                HAL_SPI_MspInit
 .text.HAL_UART_MspInit
                0x080016a4       0x94 ./Core/Src/stm32f1xx_hal_msp.o
                0x080016a4                HAL_UART_MspInit
 .text.HAL_InitTick
                0x08001738       0xfc ./Core/Src/stm32f1xx_hal_timebase_tim.o
                0x08001738                HAL_InitTick
 .text.NMI_Handler
                0x08001834        0x8 ./Core/Src/stm32f1xx_it.o
                0x08001834                NMI_Handler
 .text.HardFault_Handler
                0x0800183c        0x8 ./Core/Src/stm32f1xx_it.o
                0x0800183c                HardFault_Handler
 .text.MemManage_Handler
                0x08001844        0x8 ./Core/Src/stm32f1xx_it.o
                0x08001844                MemManage_Handler
 .text.BusFault_Handler
                0x0800184c        0x8 ./Core/Src/stm32f1xx_it.o
                0x0800184c                BusFault_Handler
 .text.UsageFault_Handler
                0x08001854        0x8 ./Core/Src/stm32f1xx_it.o
                0x08001854                UsageFault_Handler
 .text.DebugMon_Handler
                0x0800185c        0xc ./Core/Src/stm32f1xx_it.o
                0x0800185c                DebugMon_Handler
 .text.TIM4_IRQHandler
                0x08001868       0x14 ./Core/Src/stm32f1xx_it.o
                0x08001868                TIM4_IRQHandler
 .text.SystemInit
                0x0800187c        0xc ./Core/Src/system_stm32f1xx.o
                0x0800187c                SystemInit
 .text.Reset_Handler
                0x08001888       0x48 ./Core/Startup/startup_stm32f103c8tx.o
                0x08001888                Reset_Handler
 .text.Default_Handler
                0x080018d0        0x2 ./Core/Startup/startup_stm32f103c8tx.o
                0x080018d0                RTC_Alarm_IRQHandler
                0x080018d0                EXTI2_IRQHandler
                0x080018d0                TIM1_CC_IRQHandler
                0x080018d0                PVD_IRQHandler
                0x080018d0                EXTI3_IRQHandler
                0x080018d0                EXTI0_IRQHandler
                0x080018d0                I2C2_EV_IRQHandler
                0x080018d0                ADC1_2_IRQHandler
                0x080018d0                SPI1_IRQHandler
                0x080018d0                TAMPER_IRQHandler
                0x080018d0                DMA1_Channel4_IRQHandler
                0x080018d0                USART3_IRQHandler
                0x080018d0                RTC_IRQHandler
                0x080018d0                DMA1_Channel7_IRQHandler
                0x080018d0                CAN1_RX1_IRQHandler
                0x080018d0                I2C1_EV_IRQHandler
                0x080018d0                DMA1_Channel6_IRQHandler
                0x080018d0                TIM3_IRQHandler
                0x080018d0                RCC_IRQHandler
                0x080018d0                TIM1_TRG_COM_IRQHandler
                0x080018d0                DMA1_Channel1_IRQHandler
                0x080018d0                Default_Handler
                0x080018d0                EXTI15_10_IRQHandler
                0x080018d0                EXTI9_5_IRQHandler
                0x080018d0                SPI2_IRQHandler
                0x080018d0                DMA1_Channel5_IRQHandler
                0x080018d0                EXTI4_IRQHandler
                0x080018d0                USB_LP_CAN1_RX0_IRQHandler
                0x080018d0                USB_HP_CAN1_TX_IRQHandler
                0x080018d0                DMA1_Channel3_IRQHandler
                0x080018d0                TIM1_UP_IRQHandler
                0x080018d0                WWDG_IRQHandler
                0x080018d0                TIM2_IRQHandler
                0x080018d0                TIM1_BRK_IRQHandler
                0x080018d0                EXTI1_IRQHandler
                0x080018d0                USART2_IRQHandler
                0x080018d0                I2C2_ER_IRQHandler
                0x080018d0                DMA1_Channel2_IRQHandler
                0x080018d0                CAN1_SCE_IRQHandler
                0x080018d0                FLASH_IRQHandler
                0x080018d0                USART1_IRQHandler
                0x080018d0                I2C1_ER_IRQHandler
                0x080018d0                USBWakeUp_IRQHandler
 *fill*         0x080018d2        0x2 
 .text.HAL_Init
                0x080018d4       0x2c ./Drivers/STM32F1xx_HAL_Driver/Src/stm32f1xx_hal.o
                0x080018d4                HAL_Init
 .text.HAL_IncTick
                0x08001900       0x24 ./Drivers/STM32F1xx_HAL_Driver/Src/stm32f1xx_hal.o
                0x08001900                HAL_IncTick
 .text.HAL_GetTick
                0x08001924       0x14 ./Drivers/STM32F1xx_HAL_Driver/Src/stm32f1xx_hal.o
                0x08001924                HAL_GetTick
 .text.HAL_Delay
                0x08001938       0x48 ./Drivers/STM32F1xx_HAL_Driver/Src/stm32f1xx_hal.o
                0x08001938                HAL_Delay
 .text.__NVIC_SetPriorityGrouping
                0x08001980       0x48 ./Drivers/STM32F1xx_HAL_Driver/Src/stm32f1xx_hal_cortex.o
 .text.__NVIC_GetPriorityGrouping
                0x080019c8       0x1c ./Drivers/STM32F1xx_HAL_Driver/Src/stm32f1xx_hal_cortex.o
 .text.__NVIC_EnableIRQ
                0x080019e4       0x38 ./Drivers/STM32F1xx_HAL_Driver/Src/stm32f1xx_hal_cortex.o
 .text.__NVIC_SetPriority
                0x08001a1c       0x54 ./Drivers/STM32F1xx_HAL_Driver/Src/stm32f1xx_hal_cortex.o
 .text.NVIC_EncodePriority
                0x08001a70       0x64 ./Drivers/STM32F1xx_HAL_Driver/Src/stm32f1xx_hal_cortex.o
 .text.HAL_NVIC_SetPriorityGrouping
                0x08001ad4       0x16 ./Drivers/STM32F1xx_HAL_Driver/Src/stm32f1xx_hal_cortex.o
                0x08001ad4                HAL_NVIC_SetPriorityGrouping
 .text.HAL_NVIC_SetPriority
                0x08001aea       0x38 ./Drivers/STM32F1xx_HAL_Driver/Src/stm32f1xx_hal_cortex.o
                0x08001aea                HAL_NVIC_SetPriority
 .text.HAL_NVIC_EnableIRQ
                0x08001b22       0x1c ./Drivers/STM32F1xx_HAL_Driver/Src/stm32f1xx_hal_cortex.o
                0x08001b22                HAL_NVIC_EnableIRQ
 *fill*         0x08001b3e        0x2 
 .text.HAL_GPIO_Init
                0x08001b40      0x308 ./Drivers/STM32F1xx_HAL_Driver/Src/stm32f1xx_hal_gpio.o
                0x08001b40                HAL_GPIO_Init
 .text.HAL_GPIO_ReadPin
                0x08001e48       0x2e ./Drivers/STM32F1xx_HAL_Driver/Src/stm32f1xx_hal_gpio.o
                0x08001e48                HAL_GPIO_ReadPin
 .text.HAL_GPIO_WritePin
                0x08001e76       0x30 ./Drivers/STM32F1xx_HAL_Driver/Src/stm32f1xx_hal_gpio.o
                0x08001e76                HAL_GPIO_WritePin
 *fill*         0x08001ea6        0x2 
 .text.HAL_I2C_Init
                0x08001ea8      0x288 ./Drivers/STM32F1xx_HAL_Driver/Src/stm32f1xx_hal_i2c.o
                0x08001ea8                HAL_I2C_Init
 .text.HAL_I2C_Mem_Write
                0x08002130      0x1f4 ./Drivers/STM32F1xx_HAL_Driver/Src/stm32f1xx_hal_i2c.o
                0x08002130                HAL_I2C_Mem_Write
 .text.HAL_I2C_Mem_Read
                0x08002324      0x4d0 ./Drivers/STM32F1xx_HAL_Driver/Src/stm32f1xx_hal_i2c.o
                0x08002324                HAL_I2C_Mem_Read
 .text.I2C_RequestMemoryWrite
                0x080027f4      0x12c ./Drivers/STM32F1xx_HAL_Driver/Src/stm32f1xx_hal_i2c.o
 .text.I2C_RequestMemoryRead
                0x08002920      0x1d0 ./Drivers/STM32F1xx_HAL_Driver/Src/stm32f1xx_hal_i2c.o
 .text.I2C_WaitOnFlagUntilTimeout
                0x08002af0       0xf4 ./Drivers/STM32F1xx_HAL_Driver/Src/stm32f1xx_hal_i2c.o
 .text.I2C_WaitOnMasterAddressFlagUntilTimeout
                0x08002be4      0x140 ./Drivers/STM32F1xx_HAL_Driver/Src/stm32f1xx_hal_i2c.o
 .text.I2C_WaitOnTXEFlagUntilTimeout
                0x08002d24       0x90 ./Drivers/STM32F1xx_HAL_Driver/Src/stm32f1xx_hal_i2c.o
 .text.I2C_WaitOnBTFFlagUntilTimeout
                0x08002db4       0x90 ./Drivers/STM32F1xx_HAL_Driver/Src/stm32f1xx_hal_i2c.o
 .text.I2C_WaitOnRXNEFlagUntilTimeout
                0x08002e44       0xba ./Drivers/STM32F1xx_HAL_Driver/Src/stm32f1xx_hal_i2c.o
 .text.I2C_IsAcknowledgeFailed
                0x08002efe       0x5c ./Drivers/STM32F1xx_HAL_Driver/Src/stm32f1xx_hal_i2c.o
 *fill*         0x08002f5a        0x2 
 .text.HAL_RCC_OscConfig
                0x08002f5c      0x504 ./Drivers/STM32F1xx_HAL_Driver/Src/stm32f1xx_hal_rcc.o
                0x08002f5c                HAL_RCC_OscConfig
 .text.HAL_RCC_ClockConfig
                0x08003460      0x1d4 ./Drivers/STM32F1xx_HAL_Driver/Src/stm32f1xx_hal_rcc.o
                0x08003460                HAL_RCC_ClockConfig
 .text.HAL_RCC_GetSysClockFreq
                0x08003634       0xa8 ./Drivers/STM32F1xx_HAL_Driver/Src/stm32f1xx_hal_rcc.o
                0x08003634                HAL_RCC_GetSysClockFreq
 .text.HAL_RCC_GetHCLKFreq
                0x080036dc       0x14 ./Drivers/STM32F1xx_HAL_Driver/Src/stm32f1xx_hal_rcc.o
                0x080036dc                HAL_RCC_GetHCLKFreq
 .text.HAL_RCC_GetPCLK1Freq
                0x080036f0       0x28 ./Drivers/STM32F1xx_HAL_Driver/Src/stm32f1xx_hal_rcc.o
                0x080036f0                HAL_RCC_GetPCLK1Freq
 .text.HAL_RCC_GetPCLK2Freq
                0x08003718       0x28 ./Drivers/STM32F1xx_HAL_Driver/Src/stm32f1xx_hal_rcc.o
                0x08003718                HAL_RCC_GetPCLK2Freq
 .text.HAL_RCC_GetClockConfig
                0x08003740       0x60 ./Drivers/STM32F1xx_HAL_Driver/Src/stm32f1xx_hal_rcc.o
                0x08003740                HAL_RCC_GetClockConfig
 .text.RCC_Delay
                0x080037a0       0x3c ./Drivers/STM32F1xx_HAL_Driver/Src/stm32f1xx_hal_rcc.o
 .text.HAL_SPI_Init
                0x080037dc      0x108 ./Drivers/STM32F1xx_HAL_Driver/Src/stm32f1xx_hal_spi.o
                0x080037dc                HAL_SPI_Init
 .text.HAL_SPI_Transmit
                0x080038e4      0x286 ./Drivers/STM32F1xx_HAL_Driver/Src/stm32f1xx_hal_spi.o
                0x080038e4                HAL_SPI_Transmit
 .text.HAL_SPI_Receive
                0x08003b6a      0x230 ./Drivers/STM32F1xx_HAL_Driver/Src/stm32f1xx_hal_spi.o
                0x08003b6a                HAL_SPI_Receive
 .text.HAL_SPI_TransmitReceive
                0x08003d9a      0x360 ./Drivers/STM32F1xx_HAL_Driver/Src/stm32f1xx_hal_spi.o
                0x08003d9a                HAL_SPI_TransmitReceive
 *fill*         0x080040fa        0x2 
 .text.SPI_WaitFlagStateUntilTimeout
                0x080040fc      0x110 ./Drivers/STM32F1xx_HAL_Driver/Src/stm32f1xx_hal_spi.o
 .text.SPI_EndRxTransaction
                0x0800420c       0xa4 ./Drivers/STM32F1xx_HAL_Driver/Src/stm32f1xx_hal_spi.o
 .text.SPI_EndRxTxTransaction
                0x080042b0       0x3c ./Drivers/STM32F1xx_HAL_Driver/Src/stm32f1xx_hal_spi.o
 .text.HAL_TIM_Base_Init
                0x080042ec       0x9e ./Drivers/STM32F1xx_HAL_Driver/Src/stm32f1xx_hal_tim.o
                0x080042ec                HAL_TIM_Base_Init
 .text.HAL_TIM_Base_MspInit
                0x0800438a       0x12 ./Drivers/STM32F1xx_HAL_Driver/Src/stm32f1xx_hal_tim.o
                0x0800438a                HAL_TIM_Base_MspInit
 .text.HAL_TIM_Base_Start_IT
                0x0800439c       0xa4 ./Drivers/STM32F1xx_HAL_Driver/Src/stm32f1xx_hal_tim.o
                0x0800439c                HAL_TIM_Base_Start_IT
 .text.HAL_TIM_IRQHandler
                0x08004440      0x210 ./Drivers/STM32F1xx_HAL_Driver/Src/stm32f1xx_hal_tim.o
                0x08004440                HAL_TIM_IRQHandler
 .text.HAL_TIM_OC_DelayElapsedCallback
                0x08004650       0x12 ./Drivers/STM32F1xx_HAL_Driver/Src/stm32f1xx_hal_tim.o
                0x08004650                HAL_TIM_OC_DelayElapsedCallback
 .text.HAL_TIM_IC_CaptureCallback
                0x08004662       0x12 ./Drivers/STM32F1xx_HAL_Driver/Src/stm32f1xx_hal_tim.o
                0x08004662                HAL_TIM_IC_CaptureCallback
 .text.HAL_TIM_PWM_PulseFinishedCallback
                0x08004674       0x12 ./Drivers/STM32F1xx_HAL_Driver/Src/stm32f1xx_hal_tim.o
                0x08004674                HAL_TIM_PWM_PulseFinishedCallback
 .text.HAL_TIM_TriggerCallback
                0x08004686       0x12 ./Drivers/STM32F1xx_HAL_Driver/Src/stm32f1xx_hal_tim.o
                0x08004686                HAL_TIM_TriggerCallback
 .text.TIM_Base_SetConfig
                0x08004698       0xc4 ./Drivers/STM32F1xx_HAL_Driver/Src/stm32f1xx_hal_tim.o
                0x08004698                TIM_Base_SetConfig
 .text.HAL_TIMEx_CommutCallback
                0x0800475c       0x12 ./Drivers/STM32F1xx_HAL_Driver/Src/stm32f1xx_hal_tim_ex.o
                0x0800475c                HAL_TIMEx_CommutCallback
 .text.HAL_TIMEx_BreakCallback
                0x0800476e       0x12 ./Drivers/STM32F1xx_HAL_Driver/Src/stm32f1xx_hal_tim_ex.o
                0x0800476e                HAL_TIMEx_BreakCallback
 .text.HAL_UART_Init
                0x08004780       0xa0 ./Drivers/STM32F1xx_HAL_Driver/Src/stm32f1xx_hal_uart.o
                0x08004780                HAL_UART_Init
 .text.UART_SetConfig
                0x08004820      0x11c ./Drivers/STM32F1xx_HAL_Driver/Src/stm32f1xx_hal_uart.o
 .text.osKernelInitialize
                0x0800493c       0x64 ./Middlewares/Third_Party/FreeRTOS/Source/CMSIS_RTOS_V2/cmsis_os2.o
                0x0800493c                osKernelInitialize
 .text.osKernelStart
                0x080049a0       0x68 ./Middlewares/Third_Party/FreeRTOS/Source/CMSIS_RTOS_V2/cmsis_os2.o
                0x080049a0                osKernelStart
 .text.osThreadNew
                0x08004a08      0x154 ./Middlewares/Third_Party/FreeRTOS/Source/CMSIS_RTOS_V2/cmsis_os2.o
                0x08004a08                osThreadNew
 .text.osDelay  0x08004b5c       0x5c ./Middlewares/Third_Party/FreeRTOS/Source/CMSIS_RTOS_V2/cmsis_os2.o
                0x08004b5c                osDelay
 .text.vApplicationGetIdleTaskMemory
                0x08004bb8       0x30 ./Middlewares/Third_Party/FreeRTOS/Source/CMSIS_RTOS_V2/cmsis_os2.o
                0x08004bb8                vApplicationGetIdleTaskMemory
 .text.vApplicationGetTimerTaskMemory
                0x08004be8       0x34 ./Middlewares/Third_Party/FreeRTOS/Source/CMSIS_RTOS_V2/cmsis_os2.o
                0x08004be8                vApplicationGetTimerTaskMemory
 .text.vListInitialise
                0x08004c1c       0x3e ./Middlewares/Third_Party/FreeRTOS/Source/list.o
                0x08004c1c                vListInitialise
 .text.vListInitialiseItem
                0x08004c5a       0x18 ./Middlewares/Third_Party/FreeRTOS/Source/list.o
                0x08004c5a                vListInitialiseItem
 .text.vListInsertEnd
                0x08004c72       0x46 ./Middlewares/Third_Party/FreeRTOS/Source/list.o
                0x08004c72                vListInsertEnd
 .text.vListInsert
                0x08004cb8       0x70 ./Middlewares/Third_Party/FreeRTOS/Source/list.o
                0x08004cb8                vListInsert
 .text.uxListRemove
                0x08004d28       0x52 ./Middlewares/Third_Party/FreeRTOS/Source/list.o
                0x08004d28                uxListRemove
 *fill*         0x08004d7a        0x2 
 .text.xQueueGenericReset
                0x08004d7c       0xd4 ./Middlewares/Third_Party/FreeRTOS/Source/queue.o
                0x08004d7c                xQueueGenericReset
 .text.xQueueGenericCreateStatic
                0x08004e50       0xf8 ./Middlewares/Third_Party/FreeRTOS/Source/queue.o
                0x08004e50                xQueueGenericCreateStatic
 .text.prvInitialiseNewQueue
                0x08004f48       0x46 ./Middlewares/Third_Party/FreeRTOS/Source/queue.o
 *fill*         0x08004f8e        0x2 
 .text.xQueueGenericSend
                0x08004f90      0x204 ./Middlewares/Third_Party/FreeRTOS/Source/queue.o
                0x08004f90                xQueueGenericSend
 .text.xQueueGenericSendFromISR
                0x08005194      0x136 ./Middlewares/Third_Party/FreeRTOS/Source/queue.o
                0x08005194                xQueueGenericSendFromISR
 *fill*         0x080052ca        0x2 
 .text.xQueueReceive
                0x080052cc      0x1c4 ./Middlewares/Third_Party/FreeRTOS/Source/queue.o
                0x080052cc                xQueueReceive
 .text.prvCopyDataToQueue
                0x08005490       0xd4 ./Middlewares/Third_Party/FreeRTOS/Source/queue.o
 .text.prvCopyDataFromQueue
                0x08005564       0x4c ./Middlewares/Third_Party/FreeRTOS/Source/queue.o
 .text.prvUnlockQueue
                0x080055b0       0xa4 ./Middlewares/Third_Party/FreeRTOS/Source/queue.o
 .text.prvIsQueueEmpty
                0x08005654       0x2c ./Middlewares/Third_Party/FreeRTOS/Source/queue.o
 .text.prvIsQueueFull
                0x08005680       0x30 ./Middlewares/Third_Party/FreeRTOS/Source/queue.o
 .text.vQueueAddToRegistry
                0x080056b0       0x50 ./Middlewares/Third_Party/FreeRTOS/Source/queue.o
                0x080056b0                vQueueAddToRegistry
 .text.vQueueWaitForMessageRestricted
                0x08005700       0x68 ./Middlewares/Third_Party/FreeRTOS/Source/queue.o
                0x08005700                vQueueWaitForMessageRestricted
 .text.xTaskCreateStatic
                0x08005768       0xbe ./Middlewares/Third_Party/FreeRTOS/Source/tasks.o
                0x08005768                xTaskCreateStatic
 .text.xTaskCreate
                0x08005826       0x8a ./Middlewares/Third_Party/FreeRTOS/Source/tasks.o
                0x08005826                xTaskCreate
 .text.prvInitialiseNewTask
                0x080058b0      0x110 ./Middlewares/Third_Party/FreeRTOS/Source/tasks.o
 .text.prvAddNewTaskToReadyList
                0x080059c0       0xe0 ./Middlewares/Third_Party/FreeRTOS/Source/tasks.o
 .text.vTaskDelay
                0x08005aa0       0x6c ./Middlewares/Third_Party/FreeRTOS/Source/tasks.o
                0x08005aa0                vTaskDelay
 .text.vTaskStartScheduler
                0x08005b0c       0xd0 ./Middlewares/Third_Party/FreeRTOS/Source/tasks.o
                0x08005b0c                vTaskStartScheduler
 .text.vTaskSuspendAll
                0x08005bdc       0x1c ./Middlewares/Third_Party/FreeRTOS/Source/tasks.o
                0x08005bdc                vTaskSuspendAll
 .text.xTaskResumeAll
                0x08005bf8      0x13c ./Middlewares/Third_Party/FreeRTOS/Source/tasks.o
                0x08005bf8                xTaskResumeAll
 .text.xTaskGetTickCount
                0x08005d34       0x1c ./Middlewares/Third_Party/FreeRTOS/Source/tasks.o
                0x08005d34                xTaskGetTickCount
 .text.xTaskIncrementTick
                0x08005d50      0x180 ./Middlewares/Third_Party/FreeRTOS/Source/tasks.o
                0x08005d50                xTaskIncrementTick
 .text.vTaskSwitchContext
                0x08005ed0       0xbc ./Middlewares/Third_Party/FreeRTOS/Source/tasks.o
                0x08005ed0                vTaskSwitchContext
 .text.vTaskPlaceOnEventList
                0x08005f8c       0x4c ./Middlewares/Third_Party/FreeRTOS/Source/tasks.o
                0x08005f8c                vTaskPlaceOnEventList
 .text.vTaskPlaceOnEventListRestricted
                0x08005fd8       0x58 ./Middlewares/Third_Party/FreeRTOS/Source/tasks.o
                0x08005fd8                vTaskPlaceOnEventListRestricted
 .text.xTaskRemoveFromEventList
                0x08006030       0xc8 ./Middlewares/Third_Party/FreeRTOS/Source/tasks.o
                0x08006030                xTaskRemoveFromEventList
 .text.vTaskInternalSetTimeOutState
                0x080060f8       0x2c ./Middlewares/Third_Party/FreeRTOS/Source/tasks.o
                0x080060f8                vTaskInternalSetTimeOutState
 .text.xTaskCheckForTimeOut
                0x08006124       0xc8 ./Middlewares/Third_Party/FreeRTOS/Source/tasks.o
                0x08006124                xTaskCheckForTimeOut
 .text.vTaskMissedYield
                0x080061ec       0x18 ./Middlewares/Third_Party/FreeRTOS/Source/tasks.o
                0x080061ec                vTaskMissedYield
 .text.prvIdleTask
                0x08006204       0x30 ./Middlewares/Third_Party/FreeRTOS/Source/tasks.o
 .text.prvInitialiseTaskLists
                0x08006234       0x80 ./Middlewares/Third_Party/FreeRTOS/Source/tasks.o
 .text.prvCheckTasksWaitingTermination
                0x080062b4       0x5c ./Middlewares/Third_Party/FreeRTOS/Source/tasks.o
 .text.prvDeleteTCB
                0x08006310       0x60 ./Middlewares/Third_Party/FreeRTOS/Source/tasks.o
 .text.prvResetNextTaskUnblockTime
                0x08006370       0x48 ./Middlewares/Third_Party/FreeRTOS/Source/tasks.o
 .text.xTaskGetSchedulerState
                0x080063b8       0x3c ./Middlewares/Third_Party/FreeRTOS/Source/tasks.o
                0x080063b8                xTaskGetSchedulerState
 .text.xTaskPriorityDisinherit
                0x080063f4       0xe0 ./Middlewares/Third_Party/FreeRTOS/Source/tasks.o
                0x080063f4                xTaskPriorityDisinherit
 .text.prvAddCurrentTaskToDelayedList
                0x080064d4       0xa8 ./Middlewares/Third_Party/FreeRTOS/Source/tasks.o
 .text.xTimerCreateTimerTask
                0x0800657c       0x94 ./Middlewares/Third_Party/FreeRTOS/Source/timers.o
                0x0800657c                xTimerCreateTimerTask
 .text.xTimerGenericCommand
                0x08006610       0x9c ./Middlewares/Third_Party/FreeRTOS/Source/timers.o
                0x08006610                xTimerGenericCommand
 .text.prvProcessExpiredTimer
                0x080066ac       0x84 ./Middlewares/Third_Party/FreeRTOS/Source/timers.o
 .text.prvTimerTask
                0x08006730       0x26 ./Middlewares/Third_Party/FreeRTOS/Source/timers.o
 *fill*         0x08006756        0x2 
 .text.prvProcessTimerOrBlockTask
                0x08006758       0x9c ./Middlewares/Third_Party/FreeRTOS/Source/timers.o
 .text.prvGetNextExpireTime
                0x080067f4       0x48 ./Middlewares/Third_Party/FreeRTOS/Source/timers.o
 .text.prvSampleTimeNow
                0x0800683c       0x40 ./Middlewares/Third_Party/FreeRTOS/Source/timers.o
 .text.prvInsertTimerInActiveList
                0x0800687c       0x84 ./Middlewares/Third_Party/FreeRTOS/Source/timers.o
 .text.prvProcessReceivedCommands
                0x08006900      0x178 ./Middlewares/Third_Party/FreeRTOS/Source/timers.o
 .text.prvSwitchTimerLists
                0x08006a78       0xc4 ./Middlewares/Third_Party/FreeRTOS/Source/timers.o
 .text.prvCheckForValidListAndQueue
                0x08006b3c       0x80 ./Middlewares/Third_Party/FreeRTOS/Source/timers.o
 .text.pxPortInitialiseStack
                0x08006bbc       0x58 ./Middlewares/Third_Party/FreeRTOS/Source/portable/GCC/ARM_CM3/port.o
                0x08006bbc                pxPortInitialiseStack
 .text.prvTaskExitError
                0x08006c14       0x58 ./Middlewares/Third_Party/FreeRTOS/Source/portable/GCC/ARM_CM3/port.o
 *fill*         0x08006c6c        0x4 
 .text.SVC_Handler
                0x08006c70       0x28 ./Middlewares/Third_Party/FreeRTOS/Source/portable/GCC/ARM_CM3/port.o
                0x08006c70                SVC_Handler
 .text.prvPortStartFirstTask
                0x08006c98       0x20 ./Middlewares/Third_Party/FreeRTOS/Source/portable/GCC/ARM_CM3/port.o
 .text.xPortStartScheduler
                0x08006cb8       0xe4 ./Middlewares/Third_Party/FreeRTOS/Source/portable/GCC/ARM_CM3/port.o
                0x08006cb8                xPortStartScheduler
 .text.vPortEnterCritical
                0x08006d9c       0x60 ./Middlewares/Third_Party/FreeRTOS/Source/portable/GCC/ARM_CM3/port.o
                0x08006d9c                vPortEnterCritical
 .text.vPortExitCritical
                0x08006dfc       0x54 ./Middlewares/Third_Party/FreeRTOS/Source/portable/GCC/ARM_CM3/port.o
                0x08006dfc                vPortExitCritical
 .text.PendSV_Handler
                0x08006e50       0x48 ./Middlewares/Third_Party/FreeRTOS/Source/portable/GCC/ARM_CM3/port.o
                0x08006e50                PendSV_Handler
 .text.SysTick_Handler
                0x08006e98       0x44 ./Middlewares/Third_Party/FreeRTOS/Source/portable/GCC/ARM_CM3/port.o
                0x08006e98                SysTick_Handler
 .text.vPortSetupTimerInterrupt
                0x08006edc       0x44 ./Middlewares/Third_Party/FreeRTOS/Source/portable/GCC/ARM_CM3/port.o
                0x08006edc                vPortSetupTimerInterrupt
 .text.vPortValidateInterruptPriority
                0x08006f20       0x80 ./Middlewares/Third_Party/FreeRTOS/Source/portable/GCC/ARM_CM3/port.o
                0x08006f20                vPortValidateInterruptPriority
 .text.pvPortMalloc
                0x08006fa0      0x190 ./Middlewares/Third_Party/FreeRTOS/Source/portable/MemMang/heap_4.o
                0x08006fa0                pvPortMalloc
 .text.vPortFree
                0x08007130       0xb8 ./Middlewares/Third_Party/FreeRTOS/Source/portable/MemMang/heap_4.o
                0x08007130                vPortFree
 .text.prvHeapInit
                0x080071e8       0xc4 ./Middlewares/Third_Party/FreeRTOS/Source/portable/MemMang/heap_4.o
 .text.prvInsertBlockIntoFreeList
                0x080072ac       0xb0 ./Middlewares/Third_Party/FreeRTOS/Source/portable/MemMang/heap_4.o
 .text.memset   0x0800735c       0x10 C:/ST/STM32CubeIDE_1.15.0/STM32CubeIDE/plugins/com.st.stm32cube.ide.mcu.externaltools.gnu-tools-for-stm32.12.3.rel1.win32_1.0.100.202403111256/tools/bin/../lib/gcc/arm-none-eabi/12.3.1/../../../../arm-none-eabi/lib/thumb/v7-m/nofp\libc_nano.a(libc_a-memset.o)
                0x0800735c                memset
 .text.__libc_init_array
                0x0800736c       0x48 C:/ST/STM32CubeIDE_1.15.0/STM32CubeIDE/plugins/com.st.stm32cube.ide.mcu.externaltools.gnu-tools-for-stm32.12.3.rel1.win32_1.0.100.202403111256/tools/bin/../lib/gcc/arm-none-eabi/12.3.1/../../../../arm-none-eabi/lib/thumb/v7-m/nofp\libc_nano.a(libc_a-init.o)
                0x0800736c                __libc_init_array
 .text.memcpy   0x080073b4       0x1c C:/ST/STM32CubeIDE_1.15.0/STM32CubeIDE/plugins/com.st.stm32cube.ide.mcu.externaltools.gnu-tools-for-stm32.12.3.rel1.win32_1.0.100.202403111256/tools/bin/../lib/gcc/arm-none-eabi/12.3.1/../../../../arm-none-eabi/lib/thumb/v7-m/nofp\libc_nano.a(libc_a-memcpy-stub.o)
                0x080073b4                memcpy
 *(.glue_7)
 .glue_7        0x080073d0        0x0 linker stubs
 *(.glue_7t)
 .glue_7t       0x080073d0        0x0 linker stubs
 *(.eh_frame)
 .eh_frame      0x080073d0        0x0 C:/ST/STM32CubeIDE_1.15.0/STM32CubeIDE/plugins/com.st.stm32cube.ide.mcu.externaltools.gnu-tools-for-stm32.12.3.rel1.win32_1.0.100.202403111256/tools/bin/../lib/gcc/arm-none-eabi/12.3.1/thumb/v7-m/nofp/crtbegin.o
 *(.init)
 .init          0x080073d0        0x4 C:/ST/STM32CubeIDE_1.15.0/STM32CubeIDE/plugins/com.st.stm32cube.ide.mcu.externaltools.gnu-tools-for-stm32.12.3.rel1.win32_1.0.100.202403111256/tools/bin/../lib/gcc/arm-none-eabi/12.3.1/thumb/v7-m/nofp/crti.o
                0x080073d0                _init
 .init          0x080073d4        0x8 C:/ST/STM32CubeIDE_1.15.0/STM32CubeIDE/plugins/com.st.stm32cube.ide.mcu.externaltools.gnu-tools-for-stm32.12.3.rel1.win32_1.0.100.202403111256/tools/bin/../lib/gcc/arm-none-eabi/12.3.1/thumb/v7-m/nofp/crtn.o
 *(.fini)
 .fini          0x080073dc        0x4 C:/ST/STM32CubeIDE_1.15.0/STM32CubeIDE/plugins/com.st.stm32cube.ide.mcu.externaltools.gnu-tools-for-stm32.12.3.rel1.win32_1.0.100.202403111256/tools/bin/../lib/gcc/arm-none-eabi/12.3.1/thumb/v7-m/nofp/crti.o
                0x080073dc                _fini
 .fini          0x080073e0        0x8 C:/ST/STM32CubeIDE_1.15.0/STM32CubeIDE/plugins/com.st.stm32cube.ide.mcu.externaltools.gnu-tools-for-stm32.12.3.rel1.win32_1.0.100.202403111256/tools/bin/../lib/gcc/arm-none-eabi/12.3.1/thumb/v7-m/nofp/crtn.o
                0x080073e8                        . = ALIGN (0x4)
                0x080073e8                        _etext = .

.vfp11_veneer   0x080073e8        0x0
 .vfp11_veneer  0x080073e8        0x0 linker stubs

.v4_bx          0x080073e8        0x0
 .v4_bx         0x080073e8        0x0 linker stubs

.iplt           0x080073e8        0x0
 .iplt          0x080073e8        0x0 C:/ST/STM32CubeIDE_1.15.0/STM32CubeIDE/plugins/com.st.stm32cube.ide.mcu.externaltools.gnu-tools-for-stm32.12.3.rel1.win32_1.0.100.202403111256/tools/bin/../lib/gcc/arm-none-eabi/12.3.1/thumb/v7-m/nofp/crtbegin.o

.rodata         0x080073e8      0x128
                0x080073e8                        . = ALIGN (0x4)
 *(.rodata)
 .rodata        0x080073e8        0xd ./Core/Src/NRF24L01.o
 *fill*         0x080073f5        0x3 
 .rodata        0x080073f8       0x32 ./Core/Src/main.o
 *fill*         0x0800742a        0x2 
 .rodata        0x0800742c        0x5 ./Middlewares/Third_Party/FreeRTOS/Source/tasks.o
 *fill*         0x08007431        0x3 
 .rodata        0x08007434        0xd ./Middlewares/Third_Party/FreeRTOS/Source/timers.o
 *(.rodata*)
 *fill*         0x08007441        0x3 
 .rodata.digitPatterns
                0x08007444       0x10 ./Core/Src/LED74HC595.o
 .rodata.defaultTask_attributes
                0x08007454       0x24 ./Core/Src/main.o
                0x08007454                defaultTask_attributes
 .rodata.myReciveTask_attributes
                0x08007478       0x24 ./Core/Src/main.o
                0x08007478                myReciveTask_attributes
 .rodata.myLoopTask_attributes
                0x0800749c       0x24 ./Core/Src/main.o
                0x0800749c                myLoopTask_attributes
 .rodata.myTaskBtn_attributes
                0x080074c0       0x24 ./Core/Src/main.o
                0x080074c0                myTaskBtn_attributes
 .rodata.AHBPrescTable
                0x080074e4       0x10 ./Core/Src/system_stm32f1xx.o
                0x080074e4                AHBPrescTable
 .rodata.APBPrescTable
                0x080074f4        0x8 ./Core/Src/system_stm32f1xx.o
                0x080074f4                APBPrescTable
 .rodata.aPLLMULFactorTable.1
                0x080074fc       0x10 ./Drivers/STM32F1xx_HAL_Driver/Src/stm32f1xx_hal_rcc.o
 .rodata.aPredivFactorTable.0
                0x0800750c        0x2 ./Drivers/STM32F1xx_HAL_Driver/Src/stm32f1xx_hal_rcc.o
                0x08007510                        . = ALIGN (0x4)
 *fill*         0x0800750e        0x2 

.ARM.extab      0x08007510        0x0
                0x08007510                        . = ALIGN (0x4)
 *(.ARM.extab* .gnu.linkonce.armextab.*)
                0x08007510                        . = ALIGN (0x4)

.ARM            0x08007510        0x0
                0x08007510                        . = ALIGN (0x4)
                0x08007510                        __exidx_start = .
 *(.ARM.exidx*)
                0x08007510                        __exidx_end = .
                0x08007510                        . = ALIGN (0x4)

.preinit_array  0x08007510        0x0
                0x08007510                        . = ALIGN (0x4)
                0x08007510                        PROVIDE (__preinit_array_start = .)
 *(.preinit_array*)
                0x08007510                        PROVIDE (__preinit_array_end = .)
                0x08007510                        . = ALIGN (0x4)

.init_array     0x08007510        0x4
                0x08007510                        . = ALIGN (0x4)
                0x08007510                        PROVIDE (__init_array_start = .)
 *(SORT_BY_NAME(.init_array.*))
 *(.init_array*)
 .init_array    0x08007510        0x4 C:/ST/STM32CubeIDE_1.15.0/STM32CubeIDE/plugins/com.st.stm32cube.ide.mcu.externaltools.gnu-tools-for-stm32.12.3.rel1.win32_1.0.100.202403111256/tools/bin/../lib/gcc/arm-none-eabi/12.3.1/thumb/v7-m/nofp/crtbegin.o
                0x08007514                        PROVIDE (__init_array_end = .)
                0x08007514                        . = ALIGN (0x4)

.fini_array     0x08007514        0x4
                0x08007514                        . = ALIGN (0x4)
                [!provide]                        PROVIDE (__fini_array_start = .)
 *(SORT_BY_NAME(.fini_array.*))
 *(.fini_array*)
 .fini_array    0x08007514        0x4 C:/ST/STM32CubeIDE_1.15.0/STM32CubeIDE/plugins/com.st.stm32cube.ide.mcu.externaltools.gnu-tools-for-stm32.12.3.rel1.win32_1.0.100.202403111256/tools/bin/../lib/gcc/arm-none-eabi/12.3.1/thumb/v7-m/nofp/crtbegin.o
                [!provide]                        PROVIDE (__fini_array_end = .)
                0x08007518                        . = ALIGN (0x4)
                0x08007518                        _sidata = LOADADDR (.data)

.rel.dyn        0x08007518        0x0
 .rel.iplt      0x08007518        0x0 C:/ST/STM32CubeIDE_1.15.0/STM32CubeIDE/plugins/com.st.stm32cube.ide.mcu.externaltools.gnu-tools-for-stm32.12.3.rel1.win32_1.0.100.202403111256/tools/bin/../lib/gcc/arm-none-eabi/12.3.1/thumb/v7-m/nofp/crtbegin.o

.data           0x20000000       0x18 load address 0x08007518
                0x20000000                        . = ALIGN (0x4)
                0x20000000                        _sdata = .
 *(.data)
 *(.data*)
 .data.RxAddress
                0x20000000        0x5 ./Core/Src/main.o
                0x20000000                RxAddress
 *fill*         0x20000005        0x3 
 .data.SystemCoreClock
                0x20000008        0x4 ./Core/Src/system_stm32f1xx.o
                0x20000008                SystemCoreClock
 .data.uwTickPrio
                0x2000000c        0x4 ./Drivers/STM32F1xx_HAL_Driver/Src/stm32f1xx_hal.o
                0x2000000c                uwTickPrio
 .data.uwTickFreq
                0x20000010        0x1 ./Drivers/STM32F1xx_HAL_Driver/Src/stm32f1xx_hal.o
                0x20000010                uwTickFreq
 *fill*         0x20000011        0x3 
 .data.uxCriticalNesting
                0x20000014        0x4 ./Middlewares/Third_Party/FreeRTOS/Source/portable/GCC/ARM_CM3/port.o
 *(.RamFunc)
 *(.RamFunc*)
                0x20000018                        . = ALIGN (0x4)
                0x20000018                        _edata = .

.igot.plt       0x20000018        0x0 load address 0x08007530
 .igot.plt      0x20000018        0x0 C:/ST/STM32CubeIDE_1.15.0/STM32CubeIDE/plugins/com.st.stm32cube.ide.mcu.externaltools.gnu-tools-for-stm32.12.3.rel1.win32_1.0.100.202403111256/tools/bin/../lib/gcc/arm-none-eabi/12.3.1/thumb/v7-m/nofp/crtbegin.o
                0x20000018                        . = ALIGN (0x4)

.bss            0x20000018     0x1b38 load address 0x08007530
                0x20000018                        _sbss = .
                0x20000018                        __bss_start__ = _sbss
 *(.bss)
 .bss           0x20000018       0x1c C:/ST/STM32CubeIDE_1.15.0/STM32CubeIDE/plugins/com.st.stm32cube.ide.mcu.externaltools.gnu-tools-for-stm32.12.3.rel1.win32_1.0.100.202403111256/tools/bin/../lib/gcc/arm-none-eabi/12.3.1/thumb/v7-m/nofp/crtbegin.o
 *(.bss*)
 .bss.bytes_temp
                0x20000034        0x4 ./Core/Src/EEPROM.o
                0x20000034                bytes_temp
 .bss._ledObj   0x20000038        0x4 ./Core/Src/LED74HC595.o
                0x20000038                _ledObj
 .bss.hi2c1     0x2000003c       0x54 ./Core/Src/main.o
                0x2000003c                hi2c1
 .bss.hspi1     0x20000090       0x58 ./Core/Src/main.o
                0x20000090                hspi1
 .bss.huart2    0x200000e8       0x48 ./Core/Src/main.o
                0x200000e8                huart2
 .bss.defaultTaskHandle
                0x20000130        0x4 ./Core/Src/main.o
                0x20000130                defaultTaskHandle
 .bss.myReciveTaskHandle
                0x20000134        0x4 ./Core/Src/main.o
                0x20000134                myReciveTaskHandle
 .bss.myLoopTaskHandle
                0x20000138        0x4 ./Core/Src/main.o
                0x20000138                myLoopTaskHandle
 .bss.myTaskBtnHandle
                0x2000013c        0x4 ./Core/Src/main.o
                0x2000013c                myTaskBtnHandle
 .bss.ledStruct
                0x20000140       0x24 ./Core/Src/main.o
                0x20000140                ledStruct
 .bss.counter   0x20000164        0x4 ./Core/Src/main.o
                0x20000164                counter
 .bss.RxData    0x20000168       0x20 ./Core/Src/main.o
                0x20000168                RxData
 .bss.data      0x20000188       0x32 ./Core/Src/main.o
                0x20000188                data
 *fill*         0x200001ba        0x2 
 .bss.htim4     0x200001bc       0x48 ./Core/Src/stm32f1xx_hal_timebase_tim.o
                0x200001bc                htim4
 .bss.uwTick    0x20000204        0x4 ./Drivers/STM32F1xx_HAL_Driver/Src/stm32f1xx_hal.o
                0x20000204                uwTick
 .bss.KernelState
                0x20000208        0x4 ./Middlewares/Third_Party/FreeRTOS/Source/CMSIS_RTOS_V2/cmsis_os2.o
 .bss.Idle_TCB  0x2000020c       0x5c ./Middlewares/Third_Party/FreeRTOS/Source/CMSIS_RTOS_V2/cmsis_os2.o
 .bss.Idle_Stack
                0x20000268      0x200 ./Middlewares/Third_Party/FreeRTOS/Source/CMSIS_RTOS_V2/cmsis_os2.o
 .bss.Timer_TCB
                0x20000468       0x5c ./Middlewares/Third_Party/FreeRTOS/Source/CMSIS_RTOS_V2/cmsis_os2.o
 .bss.Timer_Stack
                0x200004c4      0x400 ./Middlewares/Third_Party/FreeRTOS/Source/CMSIS_RTOS_V2/cmsis_os2.o
 .bss.xQueueRegistry
                0x200008c4       0x40 ./Middlewares/Third_Party/FreeRTOS/Source/queue.o
                0x200008c4                xQueueRegistry
 .bss.pxCurrentTCB
                0x20000904        0x4 ./Middlewares/Third_Party/FreeRTOS/Source/tasks.o
                0x20000904                pxCurrentTCB
 .bss.pxReadyTasksLists
                0x20000908      0x460 ./Middlewares/Third_Party/FreeRTOS/Source/tasks.o
 .bss.xDelayedTaskList1
                0x20000d68       0x14 ./Middlewares/Third_Party/FreeRTOS/Source/tasks.o
 .bss.xDelayedTaskList2
                0x20000d7c       0x14 ./Middlewares/Third_Party/FreeRTOS/Source/tasks.o
 .bss.pxDelayedTaskList
                0x20000d90        0x4 ./Middlewares/Third_Party/FreeRTOS/Source/tasks.o
 .bss.pxOverflowDelayedTaskList
                0x20000d94        0x4 ./Middlewares/Third_Party/FreeRTOS/Source/tasks.o
 .bss.xPendingReadyList
                0x20000d98       0x14 ./Middlewares/Third_Party/FreeRTOS/Source/tasks.o
 .bss.xTasksWaitingTermination
                0x20000dac       0x14 ./Middlewares/Third_Party/FreeRTOS/Source/tasks.o
 .bss.uxDeletedTasksWaitingCleanUp
                0x20000dc0        0x4 ./Middlewares/Third_Party/FreeRTOS/Source/tasks.o
 .bss.xSuspendedTaskList
                0x20000dc4       0x14 ./Middlewares/Third_Party/FreeRTOS/Source/tasks.o
 .bss.uxCurrentNumberOfTasks
                0x20000dd8        0x4 ./Middlewares/Third_Party/FreeRTOS/Source/tasks.o
 .bss.xTickCount
                0x20000ddc        0x4 ./Middlewares/Third_Party/FreeRTOS/Source/tasks.o
 .bss.uxTopReadyPriority
                0x20000de0        0x4 ./Middlewares/Third_Party/FreeRTOS/Source/tasks.o
 .bss.xSchedulerRunning
                0x20000de4        0x4 ./Middlewares/Third_Party/FreeRTOS/Source/tasks.o
 .bss.uxPendedTicks
                0x20000de8        0x4 ./Middlewares/Third_Party/FreeRTOS/Source/tasks.o
 .bss.xYieldPending
                0x20000dec        0x4 ./Middlewares/Third_Party/FreeRTOS/Source/tasks.o
 .bss.xNumOfOverflows
                0x20000df0        0x4 ./Middlewares/Third_Party/FreeRTOS/Source/tasks.o
 .bss.uxTaskNumber
                0x20000df4        0x4 ./Middlewares/Third_Party/FreeRTOS/Source/tasks.o
 .bss.xNextTaskUnblockTime
                0x20000df8        0x4 ./Middlewares/Third_Party/FreeRTOS/Source/tasks.o
 .bss.xIdleTaskHandle
                0x20000dfc        0x4 ./Middlewares/Third_Party/FreeRTOS/Source/tasks.o
 .bss.uxSchedulerSuspended
                0x20000e00        0x4 ./Middlewares/Third_Party/FreeRTOS/Source/tasks.o
 .bss.xActiveTimerList1
                0x20000e04       0x14 ./Middlewares/Third_Party/FreeRTOS/Source/timers.o
 .bss.xActiveTimerList2
                0x20000e18       0x14 ./Middlewares/Third_Party/FreeRTOS/Source/timers.o
 .bss.pxCurrentTimerList
                0x20000e2c        0x4 ./Middlewares/Third_Party/FreeRTOS/Source/timers.o
 .bss.pxOverflowTimerList
                0x20000e30        0x4 ./Middlewares/Third_Party/FreeRTOS/Source/timers.o
 .bss.xTimerQueue
                0x20000e34        0x4 ./Middlewares/Third_Party/FreeRTOS/Source/timers.o
 .bss.xTimerTaskHandle
                0x20000e38        0x4 ./Middlewares/Third_Party/FreeRTOS/Source/timers.o
 .bss.xLastTime.2
                0x20000e3c        0x4 ./Middlewares/Third_Party/FreeRTOS/Source/timers.o
 .bss.ucStaticTimerQueueStorage.1
                0x20000e40       0xa0 ./Middlewares/Third_Party/FreeRTOS/Source/timers.o
 .bss.xStaticTimerQueue.0
                0x20000ee0       0x50 ./Middlewares/Third_Party/FreeRTOS/Source/timers.o
 .bss.ucMaxSysCallPriority
                0x20000f30        0x1 ./Middlewares/Third_Party/FreeRTOS/Source/portable/GCC/ARM_CM3/port.o
 *fill*         0x20000f31        0x3 
 .bss.ulMaxPRIGROUPValue
                0x20000f34        0x4 ./Middlewares/Third_Party/FreeRTOS/Source/portable/GCC/ARM_CM3/port.o
 .bss.ucHeap    0x20000f38      0xc00 ./Middlewares/Third_Party/FreeRTOS/Source/portable/MemMang/heap_4.o
 .bss.xStart    0x20001b38        0x8 ./Middlewares/Third_Party/FreeRTOS/Source/portable/MemMang/heap_4.o
 .bss.pxEnd     0x20001b40        0x4 ./Middlewares/Third_Party/FreeRTOS/Source/portable/MemMang/heap_4.o
 .bss.xFreeBytesRemaining
                0x20001b44        0x4 ./Middlewares/Third_Party/FreeRTOS/Source/portable/MemMang/heap_4.o
 .bss.xMinimumEverFreeBytesRemaining
                0x20001b48        0x4 ./Middlewares/Third_Party/FreeRTOS/Source/portable/MemMang/heap_4.o
 .bss.xBlockAllocatedBit
                0x20001b4c        0x4 ./Middlewares/Third_Party/FreeRTOS/Source/portable/MemMang/heap_4.o
 *(COMMON)
                0x20001b50                        . = ALIGN (0x4)
                0x20001b50                        _ebss = .
                0x20001b50                        __bss_end__ = _ebss

._user_heap_stack
                0x20001b50      0x600 load address 0x08007530
                0x20001b50                        . = ALIGN (0x8)
                [!provide]                        PROVIDE (end = .)
                0x20001b50                        PROVIDE (_end = .)
                0x20001d50                        . = (. + _Min_Heap_Size)
 *fill*         0x20001b50      0x200 
                0x20002150                        . = (. + _Min_Stack_Size)
 *fill*         0x20001d50      0x400 
                0x20002150                        . = ALIGN (0x8)

/DISCARD/
 libc.a(*)
 libm.a(*)
 libgcc.a(*)

.ARM.attributes
                0x00000000       0x29
 *(.ARM.attributes)
 .ARM.attributes
                0x00000000       0x1d C:/ST/STM32CubeIDE_1.15.0/STM32CubeIDE/plugins/com.st.stm32cube.ide.mcu.externaltools.gnu-tools-for-stm32.12.3.rel1.win32_1.0.100.202403111256/tools/bin/../lib/gcc/arm-none-eabi/12.3.1/thumb/v7-m/nofp/crti.o
 .ARM.attributes
                0x0000001d       0x2d C:/ST/STM32CubeIDE_1.15.0/STM32CubeIDE/plugins/com.st.stm32cube.ide.mcu.externaltools.gnu-tools-for-stm32.12.3.rel1.win32_1.0.100.202403111256/tools/bin/../lib/gcc/arm-none-eabi/12.3.1/thumb/v7-m/nofp/crtbegin.o
 .ARM.attributes
                0x0000004a       0x2d ./Core/Src/EEPROM.o
 .ARM.attributes
                0x00000077       0x2d ./Core/Src/LED74HC595.o
 .ARM.attributes
                0x000000a4       0x2d ./Core/Src/NRF24L01.o
 .ARM.attributes
                0x000000d1       0x2d ./Core/Src/main.o
 .ARM.attributes
                0x000000fe       0x2d ./Core/Src/stm32f1xx_hal_msp.o
 .ARM.attributes
                0x0000012b       0x2d ./Core/Src/stm32f1xx_hal_timebase_tim.o
 .ARM.attributes
                0x00000158       0x2d ./Core/Src/stm32f1xx_it.o
 .ARM.attributes
                0x00000185       0x2d ./Core/Src/system_stm32f1xx.o
 .ARM.attributes
                0x000001b2       0x21 ./Core/Startup/startup_stm32f103c8tx.o
 .ARM.attributes
                0x000001d3       0x2d ./Drivers/STM32F1xx_HAL_Driver/Src/stm32f1xx_hal.o
 .ARM.attributes
                0x00000200       0x2d ./Drivers/STM32F1xx_HAL_Driver/Src/stm32f1xx_hal_cortex.o
 .ARM.attributes
                0x0000022d       0x2d ./Drivers/STM32F1xx_HAL_Driver/Src/stm32f1xx_hal_gpio.o
 .ARM.attributes
                0x0000025a       0x2d ./Drivers/STM32F1xx_HAL_Driver/Src/stm32f1xx_hal_i2c.o
 .ARM.attributes
                0x00000287       0x2d ./Drivers/STM32F1xx_HAL_Driver/Src/stm32f1xx_hal_rcc.o
 .ARM.attributes
                0x000002b4       0x2d ./Drivers/STM32F1xx_HAL_Driver/Src/stm32f1xx_hal_spi.o
 .ARM.attributes
                0x000002e1       0x2d ./Drivers/STM32F1xx_HAL_Driver/Src/stm32f1xx_hal_tim.o
 .ARM.attributes
                0x0000030e       0x2d ./Drivers/STM32F1xx_HAL_Driver/Src/stm32f1xx_hal_tim_ex.o
 .ARM.attributes
                0x0000033b       0x2d ./Drivers/STM32F1xx_HAL_Driver/Src/stm32f1xx_hal_uart.o
 .ARM.attributes
                0x00000368       0x2d ./Middlewares/Third_Party/FreeRTOS/Source/CMSIS_RTOS_V2/cmsis_os2.o
 .ARM.attributes
                0x00000395       0x2d ./Middlewares/Third_Party/FreeRTOS/Source/list.o
 .ARM.attributes
                0x000003c2       0x2d ./Middlewares/Third_Party/FreeRTOS/Source/queue.o
 .ARM.attributes
                0x000003ef       0x2d ./Middlewares/Third_Party/FreeRTOS/Source/tasks.o
 .ARM.attributes
                0x0000041c       0x2d ./Middlewares/Third_Party/FreeRTOS/Source/timers.o
 .ARM.attributes
                0x00000449       0x2d ./Middlewares/Third_Party/FreeRTOS/Source/portable/GCC/ARM_CM3/port.o
 .ARM.attributes
                0x00000476       0x2d ./Middlewares/Third_Party/FreeRTOS/Source/portable/MemMang/heap_4.o
 .ARM.attributes
                0x000004a3       0x2d C:/ST/STM32CubeIDE_1.15.0/STM32CubeIDE/plugins/com.st.stm32cube.ide.mcu.externaltools.gnu-tools-for-stm32.12.3.rel1.win32_1.0.100.202403111256/tools/bin/../lib/gcc/arm-none-eabi/12.3.1/../../../../arm-none-eabi/lib/thumb/v7-m/nofp\libc_nano.a(libc_a-memset.o)
 .ARM.attributes
                0x000004d0       0x2d C:/ST/STM32CubeIDE_1.15.0/STM32CubeIDE/plugins/com.st.stm32cube.ide.mcu.externaltools.gnu-tools-for-stm32.12.3.rel1.win32_1.0.100.202403111256/tools/bin/../lib/gcc/arm-none-eabi/12.3.1/../../../../arm-none-eabi/lib/thumb/v7-m/nofp\libc_nano.a(libc_a-init.o)
 .ARM.attributes
                0x000004fd       0x2d C:/ST/STM32CubeIDE_1.15.0/STM32CubeIDE/plugins/com.st.stm32cube.ide.mcu.externaltools.gnu-tools-for-stm32.12.3.rel1.win32_1.0.100.202403111256/tools/bin/../lib/gcc/arm-none-eabi/12.3.1/../../../../arm-none-eabi/lib/thumb/v7-m/nofp\libc_nano.a(libc_a-memcpy-stub.o)
 .ARM.attributes
                0x0000052a       0x1d C:/ST/STM32CubeIDE_1.15.0/STM32CubeIDE/plugins/com.st.stm32cube.ide.mcu.externaltools.gnu-tools-for-stm32.12.3.rel1.win32_1.0.100.202403111256/tools/bin/../lib/gcc/arm-none-eabi/12.3.1/thumb/v7-m/nofp\libgcc.a(_arm_addsubsf3.o)
 .ARM.attributes
                0x00000547       0x1d C:/ST/STM32CubeIDE_1.15.0/STM32CubeIDE/plugins/com.st.stm32cube.ide.mcu.externaltools.gnu-tools-for-stm32.12.3.rel1.win32_1.0.100.202403111256/tools/bin/../lib/gcc/arm-none-eabi/12.3.1/thumb/v7-m/nofp\libgcc.a(_arm_fixsfsi.o)
 .ARM.attributes
                0x00000564       0x1d C:/ST/STM32CubeIDE_1.15.0/STM32CubeIDE/plugins/com.st.stm32cube.ide.mcu.externaltools.gnu-tools-for-stm32.12.3.rel1.win32_1.0.100.202403111256/tools/bin/../lib/gcc/arm-none-eabi/12.3.1/thumb/v7-m/nofp/crtn.o
OUTPUT(RX_c8.elf elf32-littlearm)
LOAD linker stubs
LOAD C:/ST/STM32CubeIDE_1.15.0/STM32CubeIDE/plugins/com.st.stm32cube.ide.mcu.externaltools.gnu-tools-for-stm32.12.3.rel1.win32_1.0.100.202403111256/tools/bin/../lib/gcc/arm-none-eabi/12.3.1/../../../../arm-none-eabi/lib/thumb/v7-m/nofp\libc.a
LOAD C:/ST/STM32CubeIDE_1.15.0/STM32CubeIDE/plugins/com.st.stm32cube.ide.mcu.externaltools.gnu-tools-for-stm32.12.3.rel1.win32_1.0.100.202403111256/tools/bin/../lib/gcc/arm-none-eabi/12.3.1/../../../../arm-none-eabi/lib/thumb/v7-m/nofp\libm.a
LOAD C:/ST/STM32CubeIDE_1.15.0/STM32CubeIDE/plugins/com.st.stm32cube.ide.mcu.externaltools.gnu-tools-for-stm32.12.3.rel1.win32_1.0.100.202403111256/tools/bin/../lib/gcc/arm-none-eabi/12.3.1/thumb/v7-m/nofp\libgcc.a

.debug_info     0x00000000    0x1b03b
 .debug_info    0x00000000      0xa20 ./Core/Src/EEPROM.o
 .debug_info    0x00000a20      0x6a1 ./Core/Src/LED74HC595.o
 .debug_info    0x000010c1      0xa14 ./Core/Src/NRF24L01.o
 .debug_info    0x00001ad5     0x18d8 ./Core/Src/main.o
 .debug_info    0x000033ad      0xf70 ./Core/Src/stm32f1xx_hal_msp.o
 .debug_info    0x0000431d      0x9a8 ./Core/Src/stm32f1xx_hal_timebase_tim.o
 .debug_info    0x00004cc5      0x66a ./Core/Src/stm32f1xx_it.o
 .debug_info    0x0000532f      0x222 ./Core/Src/system_stm32f1xx.o
 .debug_info    0x00005551       0x30 ./Core/Startup/startup_stm32f103c8tx.o
 .debug_info    0x00005581      0x704 ./Drivers/STM32F1xx_HAL_Driver/Src/stm32f1xx_hal.o
 .debug_info    0x00005c85      0xa87 ./Drivers/STM32F1xx_HAL_Driver/Src/stm32f1xx_hal_cortex.o
 .debug_info    0x0000670c      0x5ab ./Drivers/STM32F1xx_HAL_Driver/Src/stm32f1xx_hal_gpio.o
 .debug_info    0x00006cb7     0x2515 ./Drivers/STM32F1xx_HAL_Driver/Src/stm32f1xx_hal_i2c.o
 .debug_info    0x000091cc      0x7d5 ./Drivers/STM32F1xx_HAL_Driver/Src/stm32f1xx_hal_rcc.o
 .debug_info    0x000099a1     0x1503 ./Drivers/STM32F1xx_HAL_Driver/Src/stm32f1xx_hal_spi.o
 .debug_info    0x0000aea4     0x293b ./Drivers/STM32F1xx_HAL_Driver/Src/stm32f1xx_hal_tim.o
 .debug_info    0x0000d7df     0x149b ./Drivers/STM32F1xx_HAL_Driver/Src/stm32f1xx_hal_tim_ex.o
 .debug_info    0x0000ec7a     0x2fa8 ./Drivers/STM32F1xx_HAL_Driver/Src/stm32f1xx_hal_uart.o
 .debug_info    0x00011c22     0x39bf ./Middlewares/Third_Party/FreeRTOS/Source/CMSIS_RTOS_V2/cmsis_os2.o
 .debug_info    0x000155e1      0x2aa ./Middlewares/Third_Party/FreeRTOS/Source/list.o
 .debug_info    0x0001588b     0x1abf ./Middlewares/Third_Party/FreeRTOS/Source/queue.o
 .debug_info    0x0001734a     0x20e5 ./Middlewares/Third_Party/FreeRTOS/Source/tasks.o
 .debug_info    0x0001942f     0x13b5 ./Middlewares/Third_Party/FreeRTOS/Source/timers.o
 .debug_info    0x0001a7e4      0x494 ./Middlewares/Third_Party/FreeRTOS/Source/portable/GCC/ARM_CM3/port.o
 .debug_info    0x0001ac78      0x3c3 ./Middlewares/Third_Party/FreeRTOS/Source/portable/MemMang/heap_4.o

.debug_abbrev   0x00000000     0x3bea
 .debug_abbrev  0x00000000      0x279 ./Core/Src/EEPROM.o
 .debug_abbrev  0x00000279      0x23a ./Core/Src/LED74HC595.o
 .debug_abbrev  0x000004b3      0x2ac ./Core/Src/NRF24L01.o
 .debug_abbrev  0x0000075f      0x316 ./Core/Src/main.o
 .debug_abbrev  0x00000a75      0x1f5 ./Core/Src/stm32f1xx_hal_msp.o
 .debug_abbrev  0x00000c6a      0x1f3 ./Core/Src/stm32f1xx_hal_timebase_tim.o
 .debug_abbrev  0x00000e5d      0x17c ./Core/Src/stm32f1xx_it.o
 .debug_abbrev  0x00000fd9      0x13f ./Core/Src/system_stm32f1xx.o
 .debug_abbrev  0x00001118       0x24 ./Core/Startup/startup_stm32f103c8tx.o
 .debug_abbrev  0x0000113c      0x201 ./Drivers/STM32F1xx_HAL_Driver/Src/stm32f1xx_hal.o
 .debug_abbrev  0x0000133d      0x2f8 ./Drivers/STM32F1xx_HAL_Driver/Src/stm32f1xx_hal_cortex.o
 .debug_abbrev  0x00001635      0x1ca ./Drivers/STM32F1xx_HAL_Driver/Src/stm32f1xx_hal_gpio.o
 .debug_abbrev  0x000017ff      0x2a3 ./Drivers/STM32F1xx_HAL_Driver/Src/stm32f1xx_hal_i2c.o
 .debug_abbrev  0x00001aa2      0x2b3 ./Drivers/STM32F1xx_HAL_Driver/Src/stm32f1xx_hal_rcc.o
 .debug_abbrev  0x00001d55      0x284 ./Drivers/STM32F1xx_HAL_Driver/Src/stm32f1xx_hal_spi.o
 .debug_abbrev  0x00001fd9      0x277 ./Drivers/STM32F1xx_HAL_Driver/Src/stm32f1xx_hal_tim.o
 .debug_abbrev  0x00002250      0x282 ./Drivers/STM32F1xx_HAL_Driver/Src/stm32f1xx_hal_tim_ex.o
 .debug_abbrev  0x000024d2      0x2f8 ./Drivers/STM32F1xx_HAL_Driver/Src/stm32f1xx_hal_uart.o
 .debug_abbrev  0x000027ca      0x433 ./Middlewares/Third_Party/FreeRTOS/Source/CMSIS_RTOS_V2/cmsis_os2.o
 .debug_abbrev  0x00002bfd       0xf5 ./Middlewares/Third_Party/FreeRTOS/Source/list.o
 .debug_abbrev  0x00002cf2      0x3ce ./Middlewares/Third_Party/FreeRTOS/Source/queue.o
 .debug_abbrev  0x000030c0      0x385 ./Middlewares/Third_Party/FreeRTOS/Source/tasks.o
 .debug_abbrev  0x00003445      0x348 ./Middlewares/Third_Party/FreeRTOS/Source/timers.o
 .debug_abbrev  0x0000378d      0x258 ./Middlewares/Third_Party/FreeRTOS/Source/portable/GCC/ARM_CM3/port.o
 .debug_abbrev  0x000039e5      0x205 ./Middlewares/Third_Party/FreeRTOS/Source/portable/MemMang/heap_4.o

.debug_aranges  0x00000000     0x18f0
 .debug_aranges
                0x00000000       0x58 ./Core/Src/EEPROM.o
 .debug_aranges
                0x00000058       0x80 ./Core/Src/LED74HC595.o
 .debug_aranges
                0x000000d8       0xa0 ./Core/Src/NRF24L01.o
 .debug_aranges
                0x00000178       0x78 ./Core/Src/main.o
 .debug_aranges
                0x000001f0       0x50 ./Core/Src/stm32f1xx_hal_msp.o
 .debug_aranges
                0x00000240       0x30 ./Core/Src/stm32f1xx_hal_timebase_tim.o
 .debug_aranges
                0x00000270       0x50 ./Core/Src/stm32f1xx_it.o
 .debug_aranges
                0x000002c0       0x28 ./Core/Src/system_stm32f1xx.o
 .debug_aranges
                0x000002e8       0x28 ./Core/Startup/startup_stm32f103c8tx.o
 .debug_aranges
                0x00000310       0xe0 ./Drivers/STM32F1xx_HAL_Driver/Src/stm32f1xx_hal.o
 .debug_aranges
                0x000003f0      0x100 ./Drivers/STM32F1xx_HAL_Driver/Src/stm32f1xx_hal_cortex.o
 .debug_aranges
                0x000004f0       0x58 ./Drivers/STM32F1xx_HAL_Driver/Src/stm32f1xx_hal_gpio.o
 .debug_aranges
                0x00000548      0x2a8 ./Drivers/STM32F1xx_HAL_Driver/Src/stm32f1xx_hal_i2c.o
 .debug_aranges
                0x000007f0       0x90 ./Drivers/STM32F1xx_HAL_Driver/Src/stm32f1xx_hal_rcc.o
 .debug_aranges
                0x00000880      0x1d0 ./Drivers/STM32F1xx_HAL_Driver/Src/stm32f1xx_hal_spi.o
 .debug_aranges
                0x00000a50      0x3d0 ./Drivers/STM32F1xx_HAL_Driver/Src/stm32f1xx_hal_tim.o
 .debug_aranges
                0x00000e20      0x168 ./Drivers/STM32F1xx_HAL_Driver/Src/stm32f1xx_hal_tim_ex.o
 .debug_aranges
                0x00000f88      0x208 ./Drivers/STM32F1xx_HAL_Driver/Src/stm32f1xx_hal_uart.o
 .debug_aranges
                0x00001190      0x228 ./Middlewares/Third_Party/FreeRTOS/Source/CMSIS_RTOS_V2/cmsis_os2.o
 .debug_aranges
                0x000013b8       0x40 ./Middlewares/Third_Party/FreeRTOS/Source/list.o
 .debug_aranges
                0x000013f8      0x158 ./Middlewares/Third_Party/FreeRTOS/Source/queue.o
 .debug_aranges
                0x00001550      0x1f8 ./Middlewares/Third_Party/FreeRTOS/Source/tasks.o
 .debug_aranges
                0x00001748       0xe0 ./Middlewares/Third_Party/FreeRTOS/Source/timers.o
 .debug_aranges
                0x00001828       0x78 ./Middlewares/Third_Party/FreeRTOS/Source/portable/GCC/ARM_CM3/port.o
 .debug_aranges
                0x000018a0       0x50 ./Middlewares/Third_Party/FreeRTOS/Source/portable/MemMang/heap_4.o

.debug_rnglists
                0x00000000     0x139b
 .debug_rnglists
                0x00000000       0x3f ./Core/Src/EEPROM.o
 .debug_rnglists
                0x0000003f       0x63 ./Core/Src/LED74HC595.o
 .debug_rnglists
                0x000000a2       0x76 ./Core/Src/NRF24L01.o
 .debug_rnglists
                0x00000118       0x59 ./Core/Src/main.o
 .debug_rnglists
                0x00000171       0x39 ./Core/Src/stm32f1xx_hal_msp.o
 .debug_rnglists
                0x000001aa       0x20 ./Core/Src/stm32f1xx_hal_timebase_tim.o
 .debug_rnglists
                0x000001ca       0x37 ./Core/Src/stm32f1xx_it.o
 .debug_rnglists
                0x00000201       0x1a ./Core/Src/system_stm32f1xx.o
 .debug_rnglists
                0x0000021b       0x19 ./Core/Startup/startup_stm32f103c8tx.o
 .debug_rnglists
                0x00000234       0xa3 ./Drivers/STM32F1xx_HAL_Driver/Src/stm32f1xx_hal.o
 .debug_rnglists
                0x000002d7       0xbb ./Drivers/STM32F1xx_HAL_Driver/Src/stm32f1xx_hal_cortex.o
 .debug_rnglists
                0x00000392       0x3f ./Drivers/STM32F1xx_HAL_Driver/Src/stm32f1xx_hal_gpio.o
 .debug_rnglists
                0x000003d1      0x23c ./Drivers/STM32F1xx_HAL_Driver/Src/stm32f1xx_hal_i2c.o
 .debug_rnglists
                0x0000060d       0x6c ./Drivers/STM32F1xx_HAL_Driver/Src/stm32f1xx_hal_rcc.o
 .debug_rnglists
                0x00000679      0x16e ./Drivers/STM32F1xx_HAL_Driver/Src/stm32f1xx_hal_spi.o
 .debug_rnglists
                0x000007e7      0x31a ./Drivers/STM32F1xx_HAL_Driver/Src/stm32f1xx_hal_tim.o
 .debug_rnglists
                0x00000b01      0x125 ./Drivers/STM32F1xx_HAL_Driver/Src/stm32f1xx_hal_tim_ex.o
 .debug_rnglists
                0x00000c26      0x1bc ./Drivers/STM32F1xx_HAL_Driver/Src/stm32f1xx_hal_uart.o
 .debug_rnglists
                0x00000de2      0x1b4 ./Middlewares/Third_Party/FreeRTOS/Source/CMSIS_RTOS_V2/cmsis_os2.o
 .debug_rnglists
                0x00000f96       0x2b ./Middlewares/Third_Party/FreeRTOS/Source/list.o
 .debug_rnglists
                0x00000fc1      0x109 ./Middlewares/Third_Party/FreeRTOS/Source/queue.o
 .debug_rnglists
                0x000010ca      0x194 ./Middlewares/Third_Party/FreeRTOS/Source/tasks.o
 .debug_rnglists
                0x0000125e       0xab ./Middlewares/Third_Party/FreeRTOS/Source/timers.o
 .debug_rnglists
                0x00001309       0x57 ./Middlewares/Third_Party/FreeRTOS/Source/portable/GCC/ARM_CM3/port.o
 .debug_rnglists
                0x00001360       0x3b ./Middlewares/Third_Party/FreeRTOS/Source/portable/MemMang/heap_4.o

.debug_macro    0x00000000    0x19ab5
 .debug_macro   0x00000000      0x2b4 ./Core/Src/EEPROM.o
 .debug_macro   0x000002b4      0xaa8 ./Core/Src/EEPROM.o
 .debug_macro   0x00000d5c       0x22 ./Core/Src/EEPROM.o
 .debug_macro   0x00000d7e       0x8e ./Core/Src/EEPROM.o
 .debug_macro   0x00000e0c       0x51 ./Core/Src/EEPROM.o
 .debug_macro   0x00000e5d      0x103 ./Core/Src/EEPROM.o
 .debug_macro   0x00000f60       0x6a ./Core/Src/EEPROM.o
 .debug_macro   0x00000fca      0x1df ./Core/Src/EEPROM.o
 .debug_macro   0x000011a9      0x227 ./Core/Src/EEPROM.o
 .debug_macro   0x000013d0       0x2e ./Core/Src/EEPROM.o
 .debug_macro   0x000013fe       0x22 ./Core/Src/EEPROM.o
 .debug_macro   0x00001420       0x1c ./Core/Src/EEPROM.o
 .debug_macro   0x0000143c       0x22 ./Core/Src/EEPROM.o
 .debug_macro   0x0000145e       0xbd ./Core/Src/EEPROM.o
 .debug_macro   0x0000151b      0xd23 ./Core/Src/EEPROM.o
 .debug_macro   0x0000223e     0xe09e ./Core/Src/EEPROM.o
 .debug_macro   0x000102dc       0x6d ./Core/Src/EEPROM.o
 .debug_macro   0x00010349     0x348d ./Core/Src/EEPROM.o
 .debug_macro   0x000137d6      0x189 ./Core/Src/EEPROM.o
 .debug_macro   0x0001395f       0x5c ./Core/Src/EEPROM.o
 .debug_macro   0x000139bb      0x5bc ./Core/Src/EEPROM.o
 .debug_macro   0x00013f77      0x289 ./Core/Src/EEPROM.o
 .debug_macro   0x00014200      0x1cb ./Core/Src/EEPROM.o
 .debug_macro   0x000143cb      0x114 ./Core/Src/EEPROM.o
 .debug_macro   0x000144df      0x1b2 ./Core/Src/EEPROM.o
 .debug_macro   0x00014691       0x27 ./Core/Src/EEPROM.o
 .debug_macro   0x000146b8      0x136 ./Core/Src/EEPROM.o
 .debug_macro   0x000147ee      0x1bc ./Core/Src/EEPROM.o
 .debug_macro   0x000149aa       0x34 ./Core/Src/EEPROM.o
 .debug_macro   0x000149de       0x3c ./Core/Src/EEPROM.o
 .debug_macro   0x00014a1a       0x57 ./Core/Src/EEPROM.o
 .debug_macro   0x00014a71       0x87 ./Core/Src/EEPROM.o
 .debug_macro   0x00014af8      0x240 ./Core/Src/EEPROM.o
 .debug_macro   0x00014d38      0x287 ./Core/Src/EEPROM.o
 .debug_macro   0x00014fbf      0x140 ./Core/Src/EEPROM.o
 .debug_macro   0x000150ff      0x217 ./Core/Src/EEPROM.o
 .debug_macro   0x00015316      0x8ed ./Core/Src/EEPROM.o
 .debug_macro   0x00015c03      0x28e ./Core/Src/EEPROM.o
 .debug_macro   0x00015e91       0x83 ./Core/Src/EEPROM.o
 .debug_macro   0x00015f14       0x61 ./Core/Src/EEPROM.o
 .debug_macro   0x00015f75       0x24 ./Core/Src/EEPROM.o
 .debug_macro   0x00015f99       0x43 ./Core/Src/EEPROM.o
 .debug_macro   0x00015fdc       0x34 ./Core/Src/EEPROM.o
 .debug_macro   0x00016010       0x16 ./Core/Src/EEPROM.o
 .debug_macro   0x00016026       0x43 ./Core/Src/EEPROM.o
 .debug_macro   0x00016069       0x34 ./Core/Src/EEPROM.o
 .debug_macro   0x0001609d       0x10 ./Core/Src/EEPROM.o
 .debug_macro   0x000160ad       0x58 ./Core/Src/EEPROM.o
 .debug_macro   0x00016105       0x8e ./Core/Src/EEPROM.o
 .debug_macro   0x00016193       0x1c ./Core/Src/EEPROM.o
 .debug_macro   0x000161af      0x177 ./Core/Src/EEPROM.o
 .debug_macro   0x00016326      0x369 ./Core/Src/EEPROM.o
 .debug_macro   0x0001668f      0x19b ./Core/Src/EEPROM.o
 .debug_macro   0x0001682a       0x16 ./Core/Src/EEPROM.o
 .debug_macro   0x00016840       0x35 ./Core/Src/EEPROM.o
 .debug_macro   0x00016875       0x20 ./Core/Src/EEPROM.o
 .debug_macro   0x00016895      0x1da ./Core/Src/LED74HC595.o
 .debug_macro   0x00016a6f       0x22 ./Core/Src/LED74HC595.o
 .debug_macro   0x00016a91      0x1de ./Core/Src/NRF24L01.o
 .debug_macro   0x00016c6f       0xee ./Core/Src/NRF24L01.o
 .debug_macro   0x00016d5d      0x338 ./Core/Src/main.o
 .debug_macro   0x00017095       0x5b ./Core/Src/main.o
 .debug_macro   0x000170f0       0x74 ./Core/Src/main.o
 .debug_macro   0x00017164      0x122 ./Core/Src/main.o
 .debug_macro   0x00017286       0xdd ./Core/Src/main.o
 .debug_macro   0x00017363       0x10 ./Core/Src/main.o
 .debug_macro   0x00017373      0x1c1 ./Core/Src/stm32f1xx_hal_msp.o
 .debug_macro   0x00017534      0x1b7 ./Core/Src/stm32f1xx_hal_timebase_tim.o
 .debug_macro   0x000176eb      0x1cb ./Core/Src/stm32f1xx_it.o
 .debug_macro   0x000178b6      0x1b7 ./Core/Src/system_stm32f1xx.o
 .debug_macro   0x00017a6d      0x1db ./Drivers/STM32F1xx_HAL_Driver/Src/stm32f1xx_hal.o
 .debug_macro   0x00017c48      0x1b7 ./Drivers/STM32F1xx_HAL_Driver/Src/stm32f1xx_hal_cortex.o
 .debug_macro   0x00017dff      0x222 ./Drivers/STM32F1xx_HAL_Driver/Src/stm32f1xx_hal_gpio.o
 .debug_macro   0x00018021      0x205 ./Drivers/STM32F1xx_HAL_Driver/Src/stm32f1xx_hal_i2c.o
 .debug_macro   0x00018226      0x1c9 ./Drivers/STM32F1xx_HAL_Driver/Src/stm32f1xx_hal_rcc.o
 .debug_macro   0x000183ef      0x1bf ./Drivers/STM32F1xx_HAL_Driver/Src/stm32f1xx_hal_spi.o
 .debug_macro   0x000185ae      0x1b8 ./Drivers/STM32F1xx_HAL_Driver/Src/stm32f1xx_hal_tim.o
 .debug_macro   0x00018766      0x1b7 ./Drivers/STM32F1xx_HAL_Driver/Src/stm32f1xx_hal_tim_ex.o
 .debug_macro   0x0001891d      0x1b8 ./Drivers/STM32F1xx_HAL_Driver/Src/stm32f1xx_hal_uart.o
 .debug_macro   0x00018ad5      0x247 ./Middlewares/Third_Party/FreeRTOS/Source/CMSIS_RTOS_V2/cmsis_os2.o
 .debug_macro   0x00018d1c       0x10 ./Middlewares/Third_Party/FreeRTOS/Source/CMSIS_RTOS_V2/cmsis_os2.o
 .debug_macro   0x00018d2c       0xb7 ./Middlewares/Third_Party/FreeRTOS/Source/CMSIS_RTOS_V2/cmsis_os2.o
 .debug_macro   0x00018de3       0x91 ./Middlewares/Third_Party/FreeRTOS/Source/CMSIS_RTOS_V2/cmsis_os2.o
 .debug_macro   0x00018e74       0x8d ./Middlewares/Third_Party/FreeRTOS/Source/CMSIS_RTOS_V2/cmsis_os2.o
 .debug_macro   0x00018f01       0x9a ./Middlewares/Third_Party/FreeRTOS/Source/CMSIS_RTOS_V2/cmsis_os2.o
 .debug_macro   0x00018f9b      0x187 ./Middlewares/Third_Party/FreeRTOS/Source/list.o
 .debug_macro   0x00019122      0x212 ./Middlewares/Third_Party/FreeRTOS/Source/queue.o
 .debug_macro   0x00019334      0x287 ./Middlewares/Third_Party/FreeRTOS/Source/tasks.o
 .debug_macro   0x000195bb       0x10 ./Middlewares/Third_Party/FreeRTOS/Source/tasks.o
 .debug_macro   0x000195cb      0x1ca ./Middlewares/Third_Party/FreeRTOS/Source/timers.o
 .debug_macro   0x00019795      0x172 ./Middlewares/Third_Party/FreeRTOS/Source/portable/GCC/ARM_CM3/port.o
 .debug_macro   0x00019907      0x1ae ./Middlewares/Third_Party/FreeRTOS/Source/portable/MemMang/heap_4.o

.debug_line     0x00000000    0x1cbbb
 .debug_line    0x00000000      0xa98 ./Core/Src/EEPROM.o
 .debug_line    0x00000a98      0xc3c ./Core/Src/LED74HC595.o
 .debug_line    0x000016d4      0xa2f ./Core/Src/NRF24L01.o
 .debug_line    0x00002103      0xccc ./Core/Src/main.o
 .debug_line    0x00002dcf      0x824 ./Core/Src/stm32f1xx_hal_msp.o
 .debug_line    0x000035f3      0x7af ./Core/Src/stm32f1xx_hal_timebase_tim.o
 .debug_line    0x00003da2      0x7cf ./Core/Src/stm32f1xx_it.o
 .debug_line    0x00004571      0x7b1 ./Core/Src/system_stm32f1xx.o
 .debug_line    0x00004d22       0x78 ./Core/Startup/startup_stm32f103c8tx.o
 .debug_line    0x00004d9a      0x9de ./Drivers/STM32F1xx_HAL_Driver/Src/stm32f1xx_hal.o
 .debug_line    0x00005778      0xbca ./Drivers/STM32F1xx_HAL_Driver/Src/stm32f1xx_hal_cortex.o
 .debug_line    0x00006342      0xa77 ./Drivers/STM32F1xx_HAL_Driver/Src/stm32f1xx_hal_gpio.o
 .debug_line    0x00006db9     0x3c4b ./Drivers/STM32F1xx_HAL_Driver/Src/stm32f1xx_hal_i2c.o
 .debug_line    0x0000aa04      0xde7 ./Drivers/STM32F1xx_HAL_Driver/Src/stm32f1xx_hal_rcc.o
 .debug_line    0x0000b7eb     0x1c90 ./Drivers/STM32F1xx_HAL_Driver/Src/stm32f1xx_hal_spi.o
 .debug_line    0x0000d47b     0x34e8 ./Drivers/STM32F1xx_HAL_Driver/Src/stm32f1xx_hal_tim.o
 .debug_line    0x00010963     0x193d ./Drivers/STM32F1xx_HAL_Driver/Src/stm32f1xx_hal_tim_ex.o
 .debug_line    0x000122a0     0x2927 ./Drivers/STM32F1xx_HAL_Driver/Src/stm32f1xx_hal_uart.o
 .debug_line    0x00014bc7     0x24d0 ./Middlewares/Third_Party/FreeRTOS/Source/CMSIS_RTOS_V2/cmsis_os2.o
 .debug_line    0x00017097      0x795 ./Middlewares/Third_Party/FreeRTOS/Source/list.o
 .debug_line    0x0001782c     0x1758 ./Middlewares/Third_Party/FreeRTOS/Source/queue.o
 .debug_line    0x00018f84     0x1dcd ./Middlewares/Third_Party/FreeRTOS/Source/tasks.o
 .debug_line    0x0001ad51      0xd32 ./Middlewares/Third_Party/FreeRTOS/Source/timers.o
 .debug_line    0x0001ba83      0x7de ./Middlewares/Third_Party/FreeRTOS/Source/portable/GCC/ARM_CM3/port.o
 .debug_line    0x0001c261      0x95a ./Middlewares/Third_Party/FreeRTOS/Source/portable/MemMang/heap_4.o

.debug_str      0x00000000    0x986e3
 .debug_str     0x00000000    0x89e49 ./Core/Src/EEPROM.o
                              0x8a25c (size before relaxing)
 .debug_str     0x00089e49      0x249 ./Core/Src/LED74HC595.o
                              0x86549 (size before relaxing)
 .debug_str     0x0008a092      0x5d7 ./Core/Src/NRF24L01.o
                              0x86b77 (size before relaxing)
 .debug_str     0x0008a669     0x4380 ./Core/Src/main.o
                              0x8e2d1 (size before relaxing)
 .debug_str     0x0008e9e9      0x365 ./Core/Src/stm32f1xx_hal_msp.o
                              0x86f15 (size before relaxing)
 .debug_str     0x0008ed4e      0x11a ./Core/Src/stm32f1xx_hal_timebase_tim.o
                              0x86c4c (size before relaxing)
 .debug_str     0x0008ee68       0xb5 ./Core/Src/stm32f1xx_it.o
                              0x86828 (size before relaxing)
 .debug_str     0x0008ef1d       0x7e ./Core/Src/system_stm32f1xx.o
                              0x86384 (size before relaxing)
 .debug_str     0x0008ef9b       0x44 ./Core/Startup/startup_stm32f103c8tx.o
                                 0x5e (size before relaxing)
 .debug_str     0x0008efdf      0x336 ./Drivers/STM32F1xx_HAL_Driver/Src/stm32f1xx_hal.o
                              0x86ab7 (size before relaxing)
 .debug_str     0x0008f315      0x29f ./Drivers/STM32F1xx_HAL_Driver/Src/stm32f1xx_hal_cortex.o
                              0x86a03 (size before relaxing)
 .debug_str     0x0008f5b4      0x2d0 ./Drivers/STM32F1xx_HAL_Driver/Src/stm32f1xx_hal_gpio.o
                              0x8670a (size before relaxing)
 .debug_str     0x0008f884      0xb85 ./Drivers/STM32F1xx_HAL_Driver/Src/stm32f1xx_hal_i2c.o
                              0x8744b (size before relaxing)
 .debug_str     0x00090409      0x1e8 ./Drivers/STM32F1xx_HAL_Driver/Src/stm32f1xx_hal_rcc.o
                              0x867b3 (size before relaxing)
 .debug_str     0x000905f1      0x50e ./Drivers/STM32F1xx_HAL_Driver/Src/stm32f1xx_hal_spi.o
                              0x86cb0 (size before relaxing)
 .debug_str     0x00090aff      0xe41 ./Drivers/STM32F1xx_HAL_Driver/Src/stm32f1xx_hal_tim.o
                              0x877a5 (size before relaxing)
 .debug_str     0x00091940      0x503 ./Drivers/STM32F1xx_HAL_Driver/Src/stm32f1xx_hal_tim_ex.o
                              0x86fc1 (size before relaxing)
 .debug_str     0x00091e43      0x614 ./Drivers/STM32F1xx_HAL_Driver/Src/stm32f1xx_hal_uart.o
                              0x86e24 (size before relaxing)
 .debug_str     0x00092457     0x39a7 ./Middlewares/Third_Party/FreeRTOS/Source/CMSIS_RTOS_V2/cmsis_os2.o
                               0xe58b (size before relaxing)
 .debug_str     0x00095dfe      0x21b ./Middlewares/Third_Party/FreeRTOS/Source/list.o
                               0xa678 (size before relaxing)
 .debug_str     0x00096019      0x86c ./Middlewares/Third_Party/FreeRTOS/Source/queue.o
                               0xc072 (size before relaxing)
 .debug_str     0x00096885     0x10a1 ./Middlewares/Third_Party/FreeRTOS/Source/tasks.o
                               0xcbd6 (size before relaxing)
 .debug_str     0x00097926      0x515 ./Middlewares/Third_Party/FreeRTOS/Source/timers.o
                               0xc547 (size before relaxing)
 .debug_str     0x00097e3b      0x66e ./Middlewares/Third_Party/FreeRTOS/Source/portable/GCC/ARM_CM3/port.o
                               0x80ed (size before relaxing)
 .debug_str     0x000984a9      0x23a ./Middlewares/Third_Party/FreeRTOS/Source/portable/MemMang/heap_4.o
                               0xadc5 (size before relaxing)

.comment        0x00000000       0x43
 .comment       0x00000000       0x43 ./Core/Src/EEPROM.o
                                 0x44 (size before relaxing)
 .comment       0x00000043       0x44 ./Core/Src/LED74HC595.o
 .comment       0x00000043       0x44 ./Core/Src/NRF24L01.o
 .comment       0x00000043       0x44 ./Core/Src/main.o
 .comment       0x00000043       0x44 ./Core/Src/stm32f1xx_hal_msp.o
 .comment       0x00000043       0x44 ./Core/Src/stm32f1xx_hal_timebase_tim.o
 .comment       0x00000043       0x44 ./Core/Src/stm32f1xx_it.o
 .comment       0x00000043       0x44 ./Core/Src/system_stm32f1xx.o
 .comment       0x00000043       0x44 ./Drivers/STM32F1xx_HAL_Driver/Src/stm32f1xx_hal.o
 .comment       0x00000043       0x44 ./Drivers/STM32F1xx_HAL_Driver/Src/stm32f1xx_hal_cortex.o
 .comment       0x00000043       0x44 ./Drivers/STM32F1xx_HAL_Driver/Src/stm32f1xx_hal_gpio.o
 .comment       0x00000043       0x44 ./Drivers/STM32F1xx_HAL_Driver/Src/stm32f1xx_hal_i2c.o
 .comment       0x00000043       0x44 ./Drivers/STM32F1xx_HAL_Driver/Src/stm32f1xx_hal_rcc.o
 .comment       0x00000043       0x44 ./Drivers/STM32F1xx_HAL_Driver/Src/stm32f1xx_hal_spi.o
 .comment       0x00000043       0x44 ./Drivers/STM32F1xx_HAL_Driver/Src/stm32f1xx_hal_tim.o
 .comment       0x00000043       0x44 ./Drivers/STM32F1xx_HAL_Driver/Src/stm32f1xx_hal_tim_ex.o
 .comment       0x00000043       0x44 ./Drivers/STM32F1xx_HAL_Driver/Src/stm32f1xx_hal_uart.o
 .comment       0x00000043       0x44 ./Middlewares/Third_Party/FreeRTOS/Source/CMSIS_RTOS_V2/cmsis_os2.o
 .comment       0x00000043       0x44 ./Middlewares/Third_Party/FreeRTOS/Source/list.o
 .comment       0x00000043       0x44 ./Middlewares/Third_Party/FreeRTOS/Source/queue.o
 .comment       0x00000043       0x44 ./Middlewares/Third_Party/FreeRTOS/Source/tasks.o
 .comment       0x00000043       0x44 ./Middlewares/Third_Party/FreeRTOS/Source/timers.o
 .comment       0x00000043       0x44 ./Middlewares/Third_Party/FreeRTOS/Source/portable/GCC/ARM_CM3/port.o
 .comment       0x00000043       0x44 ./Middlewares/Third_Party/FreeRTOS/Source/portable/MemMang/heap_4.o

.debug_frame    0x00000000     0x6a7c
 .debug_frame   0x00000000      0x144 ./Core/Src/EEPROM.o
 .debug_frame   0x00000144      0x200 ./Core/Src/LED74HC595.o
 .debug_frame   0x00000344      0x250 ./Core/Src/NRF24L01.o
 .debug_frame   0x00000594      0x188 ./Core/Src/main.o
 .debug_frame   0x0000071c      0x10c ./Core/Src/stm32f1xx_hal_msp.o
 .debug_frame   0x00000828       0x74 ./Core/Src/stm32f1xx_hal_timebase_tim.o
 .debug_frame   0x0000089c       0xc4 ./Core/Src/stm32f1xx_it.o
 .debug_frame   0x00000960       0x58 ./Core/Src/system_stm32f1xx.o
 .debug_frame   0x000009b8      0x334 ./Drivers/STM32F1xx_HAL_Driver/Src/stm32f1xx_hal.o
 .debug_frame   0x00000cec      0x428 ./Drivers/STM32F1xx_HAL_Driver/Src/stm32f1xx_hal_cortex.o
 .debug_frame   0x00001114      0x14c ./Drivers/STM32F1xx_HAL_Driver/Src/stm32f1xx_hal_gpio.o
 .debug_frame   0x00001260      0xc84 ./Drivers/STM32F1xx_HAL_Driver/Src/stm32f1xx_hal_i2c.o
 .debug_frame   0x00001ee4      0x218 ./Drivers/STM32F1xx_HAL_Driver/Src/stm32f1xx_hal_rcc.o
 .debug_frame   0x000020fc      0x824 ./Drivers/STM32F1xx_HAL_Driver/Src/stm32f1xx_hal_spi.o
 .debug_frame   0x00002920     0x11bc ./Drivers/STM32F1xx_HAL_Driver/Src/stm32f1xx_hal_tim.o
 .debug_frame   0x00003adc      0x638 ./Drivers/STM32F1xx_HAL_Driver/Src/stm32f1xx_hal_tim_ex.o
 .debug_frame   0x00004114      0x944 ./Drivers/STM32F1xx_HAL_Driver/Src/stm32f1xx_hal_uart.o
 .debug_frame   0x00004a58      0x980 ./Middlewares/Third_Party/FreeRTOS/Source/CMSIS_RTOS_V2/cmsis_os2.o
 .debug_frame   0x000053d8       0xd8 ./Middlewares/Third_Party/FreeRTOS/Source/list.o
 .debug_frame   0x000054b0      0x5ec ./Middlewares/Third_Party/FreeRTOS/Source/queue.o
 .debug_frame   0x00005a9c      0x8a8 ./Middlewares/Third_Party/FreeRTOS/Source/tasks.o
 .debug_frame   0x00006344      0x3b4 ./Middlewares/Third_Party/FreeRTOS/Source/timers.o
 .debug_frame   0x000066f8      0x198 ./Middlewares/Third_Party/FreeRTOS/Source/portable/GCC/ARM_CM3/port.o
 .debug_frame   0x00006890      0x108 ./Middlewares/Third_Party/FreeRTOS/Source/portable/MemMang/heap_4.o
 .debug_frame   0x00006998       0x20 C:/ST/STM32CubeIDE_1.15.0/STM32CubeIDE/plugins/com.st.stm32cube.ide.mcu.externaltools.gnu-tools-for-stm32.12.3.rel1.win32_1.0.100.202403111256/tools/bin/../lib/gcc/arm-none-eabi/12.3.1/../../../../arm-none-eabi/lib/thumb/v7-m/nofp\libc_nano.a(libc_a-memset.o)
 .debug_frame   0x000069b8       0x2c C:/ST/STM32CubeIDE_1.15.0/STM32CubeIDE/plugins/com.st.stm32cube.ide.mcu.externaltools.gnu-tools-for-stm32.12.3.rel1.win32_1.0.100.202403111256/tools/bin/../lib/gcc/arm-none-eabi/12.3.1/../../../../arm-none-eabi/lib/thumb/v7-m/nofp\libc_nano.a(libc_a-init.o)
 .debug_frame   0x000069e4       0x28 C:/ST/STM32CubeIDE_1.15.0/STM32CubeIDE/plugins/com.st.stm32cube.ide.mcu.externaltools.gnu-tools-for-stm32.12.3.rel1.win32_1.0.100.202403111256/tools/bin/../lib/gcc/arm-none-eabi/12.3.1/../../../../arm-none-eabi/lib/thumb/v7-m/nofp\libc_nano.a(libc_a-memcpy-stub.o)
 .debug_frame   0x00006a0c       0x4c C:/ST/STM32CubeIDE_1.15.0/STM32CubeIDE/plugins/com.st.stm32cube.ide.mcu.externaltools.gnu-tools-for-stm32.12.3.rel1.win32_1.0.100.202403111256/tools/bin/../lib/gcc/arm-none-eabi/12.3.1/thumb/v7-m/nofp\libgcc.a(_arm_addsubsf3.o)
 .debug_frame   0x00006a58       0x24 C:/ST/STM32CubeIDE_1.15.0/STM32CubeIDE/plugins/com.st.stm32cube.ide.mcu.externaltools.gnu-tools-for-stm32.12.3.rel1.win32_1.0.100.202403111256/tools/bin/../lib/gcc/arm-none-eabi/12.3.1/thumb/v7-m/nofp\libgcc.a(_arm_fixsfsi.o)

.debug_line_str
                0x00000000       0x42
 .debug_line_str
                0x00000000       0x42 ./Core/Startup/startup_stm32f103c8tx.o
