19:07:50 **** Incremental Build of configuration Debug for project tx_c6_2 ****
make -j8 all 
arm-none-eabi-gcc "../Core/Src/main.c" -mcpu=cortex-m3 -std=gnu11 -g3 -DDEBUG -DUSE_HAL_DRIVER -DSTM32F103x6 -c -I../Core/Inc -I../Drivers/STM32F1xx_HAL_Driver/Inc/Legacy -I../Drivers/STM32F1xx_HAL_Driver/Inc -I../Drivers/CMSIS/Device/ST/STM32F1xx/Include -I../Drivers/CMSIS/Include -O0 -ffunction-sections -fdata-sections -Wall -fstack-usage -fcyclomatic-complexity -MMD -MP -MF"Core/Src/main.d" -MT"Core/Src/main.o" --specs=nano.specs -mfloat-abi=soft -mthumb -o "Core/Src/main.o"
arm-none-eabi-g++ -o "tx_c6_2.elf" @"objects.list"   -mcpu=cortex-m3 -T"C:\Work\Stm32\tx_c6_2\STM32F103C6TX_FLASH.ld" --specs=nosys.specs -Wl,-Map="tx_c6_2.map" -Wl,--gc-sections -static --specs=nano.specs -mfloat-abi=soft -mthumb -Wl,--start-group -lc -lm -lstdc++ -lsupc++ -Wl,--end-group
Finished building target: tx_c6_2.elf
 
arm-none-eabi-size  tx_c6_2.elf 
arm-none-eabi-objdump -h -S tx_c6_2.elf  > "tx_c6_2.list"
   text	   data	    bss	    dec	    hex	filename
  17776	    132	   2236	  20144	   4eb0	tx_c6_2.elf
Finished building: default.size.stdout
 
Finished building: tx_c6_2.list
 

19:07:51 Build Finished. 0 errors, 0 warnings. (took 1s.318ms)

